Archive member included to satisfy reference by file (symbol)

D:/S32K144/S32DS_ARM_v2.2/S32DS/build_tools/gcc_v6.3/gcc-6.3-arm32-eabi/arm-none-eabi/newlib/lib/thumb/v7e-m/fpv4-sp/hard\libc_nano.a(lib_a-exit.o)
                              D:/S32K144/S32DS_ARM_v2.2/S32DS/build_tools/gcc_v6.3/gcc-6.3-arm32-eabi/arm-none-eabi/newlib/lib/thumb/v7e-m/fpv4-sp/hard/crt0.o (exit)
D:/S32K144/S32DS_ARM_v2.2/S32DS/build_tools/gcc_v6.3/gcc-6.3-arm32-eabi/arm-none-eabi/newlib/lib/thumb/v7e-m/fpv4-sp/hard\libc_nano.a(lib_a-impure.o)
                              D:/S32K144/S32DS_ARM_v2.2/S32DS/build_tools/gcc_v6.3/gcc-6.3-arm32-eabi/arm-none-eabi/newlib/lib/thumb/v7e-m/fpv4-sp/hard\libc_nano.a(lib_a-exit.o) (_global_impure_ptr)
D:/S32K144/S32DS_ARM_v2.2/S32DS/build_tools/gcc_v6.3/gcc-6.3-arm32-eabi/arm-none-eabi/newlib/lib/thumb/v7e-m/fpv4-sp/hard\libc_nano.a(lib_a-init.o)
                              D:/S32K144/S32DS_ARM_v2.2/S32DS/build_tools/gcc_v6.3/gcc-6.3-arm32-eabi/arm-none-eabi/newlib/lib/thumb/v7e-m/fpv4-sp/hard/crt0.o (__libc_init_array)
D:/S32K144/S32DS_ARM_v2.2/S32DS/build_tools/gcc_v6.3/gcc-6.3-arm32-eabi/arm-none-eabi/newlib/lib/thumb/v7e-m/fpv4-sp/hard\libc_nano.a(lib_a-memset.o)
                              D:/S32K144/S32DS_ARM_v2.2/S32DS/build_tools/gcc_v6.3/gcc-6.3-arm32-eabi/arm-none-eabi/newlib/lib/thumb/v7e-m/fpv4-sp/hard/crt0.o (memset)
D:/S32K144/S32DS_ARM_v2.2/S32DS/build_tools/gcc_v6.3/gcc-6.3-arm32-eabi/arm-none-eabi/newlib/lib/thumb/v7e-m/fpv4-sp/hard\libc_nano.a(lib_a-strlen.o)
                              ./Sources/main.o (strlen)
D:/S32K144/S32DS_ARM_v2.2/S32DS/build_tools/gcc_v6.3/gcc-6.3-arm32-eabi/arm-none-eabi/newlib/lib/thumb/v7e-m/fpv4-sp/hard\libc_nano.a(lib_a-strstr.o)
                              ./Sources/main.o (strstr)
D:/S32K144/S32DS_ARM_v2.2/S32DS/build_tools/gcc_v6.3/gcc-6.3-arm32-eabi/arm-none-eabi/newlib/lib/thumb/v7e-m/fpv4-sp/hard\libnosys.a(_exit.o)
                              D:/S32K144/S32DS_ARM_v2.2/S32DS/build_tools/gcc_v6.3/gcc-6.3-arm32-eabi/arm-none-eabi/newlib/lib/thumb/v7e-m/fpv4-sp/hard\libc_nano.a(lib_a-exit.o) (_exit)

Allocating common symbols
Common symbol       size              file

lpuart1_State       0x34              ./Generated_Code/lpuart1.o
g_xtal0ClkFreq      0x4               ./SDK/platform/drivers/src/clock/S32K1xx/clock_S32K1xx.o
lpuart0_State       0x34              ./Generated_Code/lpuart0.o
g_RtcClkInFreq      0x4               ./SDK/platform/drivers/src/clock/S32K1xx/clock_S32K1xx.o
g_TClkFreq          0xc               ./SDK/platform/drivers/src/clock/S32K1xx/clock_S32K1xx.o
dmaController1_State
                    0x40              ./Generated_Code/dmaController1.o
dmaController1Chn0_State
                    0x10              ./Generated_Code/dmaController1.o

Discarded input sections

 .text          0x00000000        0x0 d:/s32k144/s32ds_arm_v2.2/s32ds/build_tools/gcc_v6.3/gcc-6.3-arm32-eabi/bin/../lib/gcc/arm-none-eabi/6.3.1/thumb/v7e-m/fpv4-sp/hard/crti.o
 .data          0x00000000        0x0 d:/s32k144/s32ds_arm_v2.2/s32ds/build_tools/gcc_v6.3/gcc-6.3-arm32-eabi/bin/../lib/gcc/arm-none-eabi/6.3.1/thumb/v7e-m/fpv4-sp/hard/crti.o
 .bss           0x00000000        0x0 d:/s32k144/s32ds_arm_v2.2/s32ds/build_tools/gcc_v6.3/gcc-6.3-arm32-eabi/bin/../lib/gcc/arm-none-eabi/6.3.1/thumb/v7e-m/fpv4-sp/hard/crti.o
 .text          0x00000000       0xa4 d:/s32k144/s32ds_arm_v2.2/s32ds/build_tools/gcc_v6.3/gcc-6.3-arm32-eabi/bin/../lib/gcc/arm-none-eabi/6.3.1/thumb/v7e-m/fpv4-sp/hard/crtbegin.o
 .data          0x00000000        0x4 d:/s32k144/s32ds_arm_v2.2/s32ds/build_tools/gcc_v6.3/gcc-6.3-arm32-eabi/bin/../lib/gcc/arm-none-eabi/6.3.1/thumb/v7e-m/fpv4-sp/hard/crtbegin.o
 .bss           0x00000000       0x1c d:/s32k144/s32ds_arm_v2.2/s32ds/build_tools/gcc_v6.3/gcc-6.3-arm32-eabi/bin/../lib/gcc/arm-none-eabi/6.3.1/thumb/v7e-m/fpv4-sp/hard/crtbegin.o
 .init_array    0x00000000        0x4 d:/s32k144/s32ds_arm_v2.2/s32ds/build_tools/gcc_v6.3/gcc-6.3-arm32-eabi/bin/../lib/gcc/arm-none-eabi/6.3.1/thumb/v7e-m/fpv4-sp/hard/crtbegin.o
 .fini_array    0x00000000        0x4 d:/s32k144/s32ds_arm_v2.2/s32ds/build_tools/gcc_v6.3/gcc-6.3-arm32-eabi/bin/../lib/gcc/arm-none-eabi/6.3.1/thumb/v7e-m/fpv4-sp/hard/crtbegin.o
 .eh_frame      0x00000000        0x0 d:/s32k144/s32ds_arm_v2.2/s32ds/build_tools/gcc_v6.3/gcc-6.3-arm32-eabi/bin/../lib/gcc/arm-none-eabi/6.3.1/thumb/v7e-m/fpv4-sp/hard/crtbegin.o
 .jcr           0x00000000        0x0 d:/s32k144/s32ds_arm_v2.2/s32ds/build_tools/gcc_v6.3/gcc-6.3-arm32-eabi/bin/../lib/gcc/arm-none-eabi/6.3.1/thumb/v7e-m/fpv4-sp/hard/crtbegin.o
 .tm_clone_table
                0x00000000        0x0 d:/s32k144/s32ds_arm_v2.2/s32ds/build_tools/gcc_v6.3/gcc-6.3-arm32-eabi/bin/../lib/gcc/arm-none-eabi/6.3.1/thumb/v7e-m/fpv4-sp/hard/crtbegin.o
[...]
Memory Configuration

Name             Origin             Length             Attributes
m_interrupts     0x00000000         0x00000400         xr
m_flash_config   0x00000400         0x00000010         xr
m_text           0x00000410         0x0007fbf0         xr
m_data           0x1fff8000         0x00008000         rw
m_data_2         0x20000000         0x00007000         rw
*default*        0x00000000         0xffffffff

Linker script and memory map

LOAD d:/s32k144/s32ds_arm_v2.2/s32ds/build_tools/gcc_v6.3/gcc-6.3-arm32-eabi/bin/../lib/gcc/arm-none-eabi/6.3.1/thumb/v7e-m/fpv4-sp/hard/crti.o
LOAD d:/s32k144/s32ds_arm_v2.2/s32ds/build_tools/gcc_v6.3/gcc-6.3-arm32-eabi/bin/../lib/gcc/arm-none-eabi/6.3.1/thumb/v7e-m/fpv4-sp/hard/crtbegin.o
LOAD D:/S32K144/S32DS_ARM_v2.2/S32DS/build_tools/gcc_v6.3/gcc-6.3-arm32-eabi/arm-none-eabi/newlib/lib/thumb/v7e-m/fpv4-sp/hard/crt0.o
LOAD ./Generated_Code/Cpu.o
LOAD ./Generated_Code/clockMan1.o
LOAD ./Generated_Code/dmaController1.o
LOAD ./Generated_Code/lpuart0.o
LOAD ./Generated_Code/lpuart1.o
LOAD ./Generated_Code/pin_mux.o
LOAD ./Project_Settings/Startup_Code/startup_S32K144.o
LOAD ./SDK/platform/devices/S32K144/startup/system_S32K144.o
LOAD ./SDK/platform/devices/startup.o
LOAD ./SDK/platform/drivers/src/clock/S32K1xx/clock_S32K1xx.o
LOAD ./SDK/platform/drivers/src/edma/edma_driver.o
LOAD ./SDK/platform/drivers/src/edma/edma_hw_access.o
LOAD ./SDK/platform/drivers/src/edma/edma_irq.o
LOAD ./SDK/platform/drivers/src/interrupt/interrupt_manager.o
LOAD ./SDK/platform/drivers/src/lpuart/lpuart_driver.o
LOAD ./SDK/platform/drivers/src/lpuart/lpuart_hw_access.o
LOAD ./SDK/platform/drivers/src/lpuart/lpuart_irq.o
LOAD ./SDK/platform/drivers/src/pins/pins_driver.o
LOAD ./SDK/platform/drivers/src/pins/pins_port_hw_access.o
LOAD ./SDK/rtos/osif/osif_baremetal.o
LOAD ./Sources/main.o
START GROUP
LOAD d:/s32k144/s32ds_arm_v2.2/s32ds/build_tools/gcc_v6.3/gcc-6.3-arm32-eabi/bin/../lib/gcc/arm-none-eabi/6.3.1/thumb/v7e-m/fpv4-sp/hard\libgcc.a
LOAD D:/S32K144/S32DS_ARM_v2.2/S32DS/build_tools/gcc_v6.3/gcc-6.3-arm32-eabi/arm-none-eabi/newlib/lib/thumb/v7e-m/fpv4-sp/hard\libc_nano.a
END GROUP
START GROUP
LOAD d:/s32k144/s32ds_arm_v2.2/s32ds/build_tools/gcc_v6.3/gcc-6.3-arm32-eabi/bin/../lib/gcc/arm-none-eabi/6.3.1/thumb/v7e-m/fpv4-sp/hard\libgcc.a
LOAD D:/S32K144/S32DS_ARM_v2.2/S32DS/build_tools/gcc_v6.3/gcc-6.3-arm32-eabi/arm-none-eabi/newlib/lib/thumb/v7e-m/fpv4-sp/hard\libc_nano.a
LOAD D:/S32K144/S32DS_ARM_v2.2/S32DS/build_tools/gcc_v6.3/gcc-6.3-arm32-eabi/arm-none-eabi/newlib/lib/thumb/v7e-m/fpv4-sp/hard\libnosys.a
END GROUP
START GROUP
LOAD d:/s32k144/s32ds_arm_v2.2/s32ds/build_tools/gcc_v6.3/gcc-6.3-arm32-eabi/bin/../lib/gcc/arm-none-eabi/6.3.1/thumb/v7e-m/fpv4-sp/hard\libgcc.a
LOAD D:/S32K144/S32DS_ARM_v2.2/S32DS/build_tools/gcc_v6.3/gcc-6.3-arm32-eabi/arm-none-eabi/newlib/lib/thumb/v7e-m/fpv4-sp/hard\libc_nano.a
LOAD D:/S32K144/S32DS_ARM_v2.2/S32DS/build_tools/gcc_v6.3/gcc-6.3-arm32-eabi/arm-none-eabi/newlib/lib/thumb/v7e-m/fpv4-sp/hard\libnosys.a
END GROUP
LOAD d:/s32k144/s32ds_arm_v2.2/s32ds/build_tools/gcc_v6.3/gcc-6.3-arm32-eabi/bin/../lib/gcc/arm-none-eabi/6.3.1/thumb/v7e-m/fpv4-sp/hard/crtend.o
LOAD d:/s32k144/s32ds_arm_v2.2/s32ds/build_tools/gcc_v6.3/gcc-6.3-arm32-eabi/bin/../lib/gcc/arm-none-eabi/6.3.1/thumb/v7e-m/fpv4-sp/hard/crtn.o
                0x00000400                HEAP_SIZE = DEFINED (__heap_size__)?__heap_size__:0x400
                0x00000400                STACK_SIZE = DEFINED (__stack_size__)?__stack_size__:0x400
                0x00000400                M_VECTOR_RAM_SIZE = DEFINED (__flash_vector_table__)?0x0:0x400

.interrupts     0x00000000      0x400
                0x00000000                __VECTOR_TABLE = .
                0x00000000                __interrupts_start__ = .
                0x00000000                . = ALIGN (0x4)
 *(.isr_vector)
 .isr_vector    0x00000000      0x400 ./Project_Settings/Startup_Code/startup_S32K144.o
                0x00000000                __isr_vector
                0x00000400                __interrupts_end__ = .
                0x00000400                . = ALIGN (0x4)

.flash_config   0x00000400       0x10
                0x00000400                . = ALIGN (0x4)
 *(.FlashConfig)
 .FlashConfig   0x00000400       0x10 ./Project_Settings/Startup_Code/startup_S32K144.o
                0x00000410                . = ALIGN (0x4)

.text           0x00000410     0x3388
                0x00000410                . = ALIGN (0x4)
 *(.text)
 .text          0x00000410       0x6c ./Project_Settings/Startup_Code/startup_S32K144.o
                0x00000410                Reset_Handler
                0x00000478                DebugMon_Handler
                0x00000478                Reserved88_IRQHandler
                0x00000478                CAN0_ORed_IRQHandler
                0x00000478                HardFault_Handler
                0x00000478                Reserved86_IRQHandler
                0x00000478                Reserved103_IRQHandler
                0x00000478                FTM2_Ovf_Reload_IRQHandler
                0x00000478                Reserved50_IRQHandler
                0x00000478                FTFC_Fault_IRQHandler
                0x00000478                FTM0_Ch6_Ch7_IRQHandler
                0x00000478                Reserved114_IRQHandler
                0x00000478                PendSV_Handler
                0x00000478                NMI_Handler
                0x00000478                Reserved89_IRQHandler
                0x00000478                ERM_double_fault_IRQHandler
                0x00000478                Reserved59_IRQHandler
                0x00000478                LPIT0_Ch0_IRQHandler
                0x00000478                Reserved99_IRQHandler
                0x00000478                FTM3_Ch6_Ch7_IRQHandler
                0x00000478                CAN2_ORed_0_15_MB_IRQHandler
                0x00000478                LPIT0_Ch3_IRQHandler
                0x00000478                Reserved92_IRQHandler
                0x00000478                FTM0_Ch4_Ch5_IRQHandler
                0x00000478                CAN1_Error_IRQHandler
                0x00000478                FTM3_Ch0_Ch1_IRQHandler
                0x00000478                SWI_IRQHandler
                0x00000478                ADC0_IRQHandler
                0x00000478                FTM2_Ch4_Ch5_IRQHandler
                0x00000478                UsageFault_Handler
                0x00000478                FTM0_Ovf_Reload_IRQHandler
                0x00000478                DefaultISR
                0x00000478                Reserved58_IRQHandler
                0x00000478                CAN1_ORed_0_15_MB_IRQHandler
                0x00000478                FTM1_Ch2_Ch3_IRQHandler
                0x00000478                Reserved82_IRQHandler
                0x00000478                CAN0_ORed_16_31_MB_IRQHandler
                0x00000478                LPI2C0_Slave_IRQHandler
                0x00000478                Reserved71_IRQHandler
                0x00000478                PORTD_IRQHandler
                0x00000478                Reserved69_IRQHandler
                0x00000478                PORTB_IRQHandler
                0x00000478                Reserved70_IRQHandler
                0x00000478                ADC1_IRQHandler
                0x00000478                FTM2_Ch2_Ch3_IRQHandler
                0x00000478                Reserved53_IRQHandler
                0x00000478                RTC_IRQHandler
                0x00000478                PDB0_IRQHandler
                0x00000478                Reserved54_IRQHandler
                0x00000478                FTM2_Ch6_Ch7_IRQHandler
                0x00000478                FTM3_Ch2_Ch3_IRQHandler
                0x00000478                FTM2_Ch0_Ch1_IRQHandler
                0x00000478                LPSPI1_IRQHandler
                0x00000478                LPUART1_RxTx_IRQHandler
                0x00000478                RTC_Seconds_IRQHandler
                0x00000478                CAN2_ORed_IRQHandler
                0x00000478                Reserved72_IRQHandler
                0x00000478                Reserved110_IRQHandler
                0x00000478                Reserved107_IRQHandler
                0x00000478                Read_Collision_IRQHandler
                0x00000478                CAN2_Error_IRQHandler
                0x00000478                FTFC_IRQHandler
                0x00000478                FTM1_Ch6_Ch7_IRQHandler
                0x00000478                Reserved105_IRQHandler
                0x00000478                LPIT0_Ch1_IRQHandler
                0x00000478                FTM1_Ch4_Ch5_IRQHandler
                0x00000478                FTM3_Ovf_Reload_IRQHandler
                0x00000478                LPUART2_RxTx_IRQHandler
                0x00000478                LPSPI0_IRQHandler
                0x00000478                WDOG_EWM_IRQHandler
                0x00000478                MemManage_Handler
                0x00000478                Reserved90_IRQHandler
                0x00000478                Reserved83_IRQHandler
                0x00000478                FTM0_Fault_IRQHandler
                0x00000478                Reserved48_IRQHandler
                0x00000478                SVC_Handler
                0x00000478                ERM_single_fault_IRQHandler
                0x00000478                FTM2_Fault_IRQHandler
                0x00000478                FTM0_Ch2_Ch3_IRQHandler
                0x00000478                FTM0_Ch0_Ch1_IRQHandler
                0x00000478                FTM3_Fault_IRQHandler
                0x00000478                RCM_IRQHandler
                0x00000478                Reserved100_IRQHandler
                0x00000478                Reserved91_IRQHandler
                0x00000478                CAN1_ORed_IRQHandler
                0x00000478                SCG_IRQHandler
                0x00000478                PDB1_IRQHandler
                0x00000478                Reserved81_IRQHandler
                0x00000478                Reserved46_IRQHandler
                0x00000478                Reserved45_IRQHandler
                0x00000478                CAN0_Error_IRQHandler
                0x00000478                Reserved112_IRQHandler
                0x00000478                LPI2C0_Master_IRQHandler
                0x00000478                FTM1_Fault_IRQHandler
                0x00000478                Reserved106_IRQHandler
                0x00000478                LVD_LVW_IRQHandler
                0x00000478                LPIT0_Ch2_IRQHandler
                0x00000478                PORTA_IRQHandler
                0x00000478                MCM_IRQHandler
                0x00000478                LPSPI2_IRQHandler
                0x00000478                FTM3_Ch4_Ch5_IRQHandler
                0x00000478                CAN0_ORed_0_15_MB_IRQHandler
                0x00000478                PORTE_IRQHandler
                0x00000478                LPUART0_RxTx_IRQHandler
                0x00000478                LPTMR0_IRQHandler
                0x00000478                BusFault_Handler
                0x00000478                Reserved87_IRQHandler
                0x00000478                FTM1_Ovf_Reload_IRQHandler
                0x00000478                Reserved93_IRQHandler
                0x00000478                CAN0_Wake_Up_IRQHandler
                0x00000478                CMP0_IRQHandler
                0x00000478                Reserved52_IRQHandler
                0x00000478                PORTC_IRQHandler
                0x00000478                FTM1_Ch0_Ch1_IRQHandler
                0x00000478                FLEXIO_IRQHandler
                0x00000478                Reserved113_IRQHandler
 .text          0x0000047c       0x10 D:/S32K144/S32DS_ARM_v2.2/S32DS/build_tools/gcc_v6.3/gcc-6.3-arm32-eabi/arm-none-eabi/newlib/lib/thumb/v7e-m/fpv4-sp/hard\libc_nano.a(lib_a-strlen.o)
                0x0000047c                strlen
 *(.text*)
 .text.SystemInit
                0x0000048c       0x3c ./SDK/platform/devices/S32K144/startup/system_S32K144.o
                0x0000048c                SystemInit
 .text.init_data_bss
                0x000004c8       0xd8 ./SDK/platform/devices/startup.o
                0x000004c8                init_data_bss
 .text.CLOCK_SYS_GetCurrentRunMode
                0x000005a0       0x24 ./SDK/platform/drivers/src/clock/S32K1xx/clock_S32K1xx.o
 .text.CLOCK_SYS_GetSysOscFreq
                0x000005c4       0x1c ./SDK/platform/drivers/src/clock/S32K1xx/clock_S32K1xx.o
 .text.CLOCK_SYS_ConfigureSOSC
                0x000005e0      0x12c ./SDK/platform/drivers/src/clock/S32K1xx/clock_S32K1xx.o
 .text.CLOCK_SYS_GetSircFreq
                0x0000070c       0x2c ./SDK/platform/drivers/src/clock/S32K1xx/clock_S32K1xx.o
 .text.CLOCK_SYS_ConfigureSIRC
                0x00000738       0xc4 ./SDK/platform/drivers/src/clock/S32K1xx/clock_S32K1xx.o
 .text.CLOCK_SYS_GetFircFreq
                0x000007fc       0x20 ./SDK/platform/drivers/src/clock/S32K1xx/clock_S32K1xx.o
 .text.CLOCK_SYS_ConfigureFIRC
                0x0000081c       0xb4 ./SDK/platform/drivers/src/clock/S32K1xx/clock_S32K1xx.o
 .text.CLOCK_SYS_GetSysPllFreq
                0x000008d0       0x44 ./SDK/platform/drivers/src/clock/S32K1xx/clock_S32K1xx.o
 .text.CLOCK_SYS_ConfigureSPLL
                0x00000914      0x12c ./SDK/platform/drivers/src/clock/S32K1xx/clock_S32K1xx.o
 .text.CLOCK_SYS_SetSystemClockConfig
                0x00000a40      0x204 ./SDK/platform/drivers/src/clock/S32K1xx/clock_S32K1xx.o
 .text.CLOCK_SYS_TransitionSystemClock
                0x00000c44       0x54 ./SDK/platform/drivers/src/clock/S32K1xx/clock_S32K1xx.o
 .text.CLOCK_SYS_GetSystemClockFreq
                0x00000c98       0x80 ./SDK/platform/drivers/src/clock/S32K1xx/clock_S32K1xx.o
 .text.CLOCK_SYS_GetScgClkOutFreq
                0x00000d18       0x44 ./SDK/platform/drivers/src/clock/S32K1xx/clock_S32K1xx.o
 .text.CLOCK_SYS_GetSysAsyncFreq
                0x00000d5c       0xc0 ./SDK/platform/drivers/src/clock/S32K1xx/clock_S32K1xx.o
 .text.CLOCK_SYS_GetSimRtcClkFreq
                0x00000e1c       0x50 ./SDK/platform/drivers/src/clock/S32K1xx/clock_S32K1xx.o
 .text.CLOCK_SYS_GetPeripheralClock
                0x00000e6c       0x78 ./SDK/platform/drivers/src/clock/S32K1xx/clock_S32K1xx.o
 .text.CLOCK_SYS_GetLpoFreq
                0x00000ee4       0x4c ./SDK/platform/drivers/src/clock/S32K1xx/clock_S32K1xx.o
 .text.CLOCK_SYS_GetSimClkOutFreq
                0x00000f30       0x98 ./SDK/platform/drivers/src/clock/S32K1xx/clock_S32K1xx.o
 .text.CLOCK_DRV_Init
                0x00000fc8      0x590 ./SDK/platform/drivers/src/clock/S32K1xx/clock_S32K1xx.o
                0x00000fc8                CLOCK_DRV_Init
 .text.CLOCK_DRV_GetFreq
                0x00001558      0x370 ./SDK/platform/drivers/src/clock/S32K1xx/clock_S32K1xx.o
                0x00001558                CLOCK_DRV_GetFreq
 .text.CLOCK_SYS_Init
                0x000018c8       0x28 ./SDK/platform/drivers/src/clock/S32K1xx/clock_S32K1xx.o
                0x000018c8                CLOCK_SYS_Init
 .text.CLOCK_SYS_UpdateConfiguration
                0x000018f0       0xf4 ./SDK/platform/drivers/src/clock/S32K1xx/clock_S32K1xx.o
                0x000018f0                CLOCK_SYS_UpdateConfiguration
 .text.CLOCK_SYS_GetFreq
                0x000019e4        0x8 ./SDK/platform/drivers/src/clock/S32K1xx/clock_S32K1xx.o
                0x000019e4                CLOCK_SYS_GetFreq
 .text.EDMA_DRV_ClearIntStatus
                0x000019ec       0x20 ./SDK/platform/drivers/src/edma/edma_driver.o
 .text.EDMA_DRV_InstallCallback
                0x00001a0c       0x30 ./SDK/platform/drivers/src/edma/edma_driver.o
                0x00001a0c                EDMA_DRV_InstallCallback
 .text.EDMA_DRV_IRQHandler
                0x00001a3c       0x20 ./SDK/platform/drivers/src/edma/edma_driver.o
                0x00001a3c                EDMA_DRV_IRQHandler
 .text.EDMA_DRV_ErrorIRQHandler
                0x00001a5c       0x40 ./SDK/platform/drivers/src/edma/edma_driver.o
                0x00001a5c                EDMA_DRV_ErrorIRQHandler
 .text.EDMA_DRV_ConfigSingleBlockTransfer
                0x00001a9c      0x1d4 ./SDK/platform/drivers/src/edma/edma_driver.o
                0x00001a9c                EDMA_DRV_ConfigSingleBlockTransfer
 .text.EDMA_DRV_ConfigMultiBlockTransfer
                0x00001c70       0x7c ./SDK/platform/drivers/src/edma/edma_driver.o
                0x00001c70                EDMA_DRV_ConfigMultiBlockTransfer
 .text.EDMA_DRV_StartChannel
                0x00001cec       0x38 ./SDK/platform/drivers/src/edma/edma_driver.o
                0x00001cec                EDMA_DRV_StartChannel
 .text.EDMA_DRV_StopChannel
                0x00001d24       0x38 ./SDK/platform/drivers/src/edma/edma_driver.o
                0x00001d24                EDMA_DRV_StopChannel
 .text.EDMA_DRV_SetSrcAddr
                0x00001d5c       0x34 ./SDK/platform/drivers/src/edma/edma_driver.o
                0x00001d5c                EDMA_DRV_SetSrcAddr
 .text.EDMA_DRV_SetDestAddr
                0x00001d90       0x38 ./SDK/platform/drivers/src/edma/edma_driver.o
                0x00001d90                EDMA_DRV_SetDestAddr
 .text.EDMA_DRV_SetMajorLoopIterationCount
                0x00001dc8       0x34 ./SDK/platform/drivers/src/edma/edma_driver.o
                0x00001dc8                EDMA_DRV_SetMajorLoopIterationCount
 .text.EDMA_DRV_GetDmaRegBaseAddr
                0x00001dfc       0x10 ./SDK/platform/drivers/src/edma/edma_driver.o
                0x00001dfc                EDMA_DRV_GetDmaRegBaseAddr
 .text.EDMA_SetDmaRequestCmd
                0x00001e0c        0xa ./SDK/platform/drivers/src/edma/edma_hw_access.o
                0x00001e0c                EDMA_SetDmaRequestCmd
 .text.EDMA_TCDClearReg
                0x00001e16       0x4a ./SDK/platform/drivers/src/edma/edma_hw_access.o
                0x00001e16                EDMA_TCDClearReg
 .text.EDMA_TCDSetAttribute
                0x00001e60       0x38 ./SDK/platform/drivers/src/edma/edma_hw_access.o
                0x00001e60                EDMA_TCDSetAttribute
 .text.EDMA_TCDSetNbytes
                0x00001e98       0x64 ./SDK/platform/drivers/src/edma/edma_hw_access.o
                0x00001e98                EDMA_TCDSetNbytes
 .text.EDMA_TCDSetMajorCount
                0x00001efc       0x68 ./SDK/platform/drivers/src/edma/edma_hw_access.o
                0x00001efc                EDMA_TCDSetMajorCount
 .text.DMA0_IRQHandler
                0x00001f64        0xa ./SDK/platform/drivers/src/edma/edma_irq.o
                0x00001f64                DMA0_IRQHandler
 .text.DMA1_IRQHandler
                0x00001f6e        0xa ./SDK/platform/drivers/src/edma/edma_irq.o
                0x00001f6e                DMA1_IRQHandler
 .text.DMA2_IRQHandler
                0x00001f78        0xa ./SDK/platform/drivers/src/edma/edma_irq.o
                0x00001f78                DMA2_IRQHandler
 .text.DMA3_IRQHandler
                0x00001f82        0xa ./SDK/platform/drivers/src/edma/edma_irq.o
                0x00001f82                DMA3_IRQHandler
 .text.DMA4_IRQHandler
                0x00001f8c        0xa ./SDK/platform/drivers/src/edma/edma_irq.o
                0x00001f8c                DMA4_IRQHandler
 .text.DMA5_IRQHandler
                0x00001f96        0xa ./SDK/platform/drivers/src/edma/edma_irq.o
                0x00001f96                DMA5_IRQHandler
 .text.DMA6_IRQHandler
                0x00001fa0        0xa ./SDK/platform/drivers/src/edma/edma_irq.o
                0x00001fa0                DMA6_IRQHandler
 .text.DMA7_IRQHandler
                0x00001faa        0xa ./SDK/platform/drivers/src/edma/edma_irq.o
                0x00001faa                DMA7_IRQHandler
 .text.DMA8_IRQHandler
                0x00001fb4        0xa ./SDK/platform/drivers/src/edma/edma_irq.o
                0x00001fb4                DMA8_IRQHandler
 .text.DMA9_IRQHandler
                0x00001fbe        0xa ./SDK/platform/drivers/src/edma/edma_irq.o
                0x00001fbe                DMA9_IRQHandler
 .text.DMA10_IRQHandler
                0x00001fc8        0xa ./SDK/platform/drivers/src/edma/edma_irq.o
                0x00001fc8                DMA10_IRQHandler
 .text.DMA11_IRQHandler
                0x00001fd2        0xa ./SDK/platform/drivers/src/edma/edma_irq.o
                0x00001fd2                DMA11_IRQHandler
 .text.DMA12_IRQHandler
                0x00001fdc        0xa ./SDK/platform/drivers/src/edma/edma_irq.o
                0x00001fdc                DMA12_IRQHandler
 .text.DMA13_IRQHandler
                0x00001fe6        0xa ./SDK/platform/drivers/src/edma/edma_irq.o
                0x00001fe6                DMA13_IRQHandler
 .text.DMA14_IRQHandler
                0x00001ff0        0xa ./SDK/platform/drivers/src/edma/edma_irq.o
                0x00001ff0                DMA14_IRQHandler
 .text.DMA15_IRQHandler
                0x00001ffa        0xa ./SDK/platform/drivers/src/edma/edma_irq.o
                0x00001ffa                DMA15_IRQHandler
 .text.DMA_Error_IRQHandler
                0x00002004       0x28 ./SDK/platform/drivers/src/edma/edma_irq.o
                0x00002004                DMA_Error_IRQHandler
 .text.INT_SYS_InstallHandler
                0x0000202c       0x48 ./SDK/platform/drivers/src/interrupt/interrupt_manager.o
                0x0000202c                INT_SYS_InstallHandler
 .text.INT_SYS_EnableIRQ
                0x00002074       0x28 ./SDK/platform/drivers/src/interrupt/interrupt_manager.o
                0x00002074                INT_SYS_EnableIRQ
 .text.INT_SYS_EnableIRQGlobal
                0x0000209c       0x1c ./SDK/platform/drivers/src/interrupt/interrupt_manager.o
                0x0000209c                INT_SYS_EnableIRQGlobal
 .text.INT_SYS_DisableIRQGlobal
                0x000020b8       0x10 ./SDK/platform/drivers/src/interrupt/interrupt_manager.o
                0x000020b8                INT_SYS_DisableIRQGlobal
 .text.LPUART_DRV_StartSendDataUsingInt
                0x000020c8       0x7c ./SDK/platform/drivers/src/lpuart/lpuart_driver.o
 .text.LPUART_DRV_StartSendDataUsingDma
                0x00002144       0x94 ./SDK/platform/drivers/src/lpuart/lpuart_driver.o
 .text.LPUART_DRV_CompleteSendDataUsingInt
                0x000021d8       0x6c ./SDK/platform/drivers/src/lpuart/lpuart_driver.o
 .text.LPUART_DRV_StopTxDma
                0x00002244       0x64 ./SDK/platform/drivers/src/lpuart/lpuart_driver.o
 .text.LPUART_DRV_TxDmaCallback
                0x000022a8       0x74 ./SDK/platform/drivers/src/lpuart/lpuart_driver.o
 .text.LPUART_DRV_PutData
                0x0000231c       0x44 ./SDK/platform/drivers/src/lpuart/lpuart_driver.o
 .text.LPUART_DRV_StartReceiveDataUsingInt
                0x00002360       0x84 ./SDK/platform/drivers/src/lpuart/lpuart_driver.o
 .text.LPUART_DRV_StartReceiveDataUsingDma
                0x000023e4       0xa8 ./SDK/platform/drivers/src/lpuart/lpuart_driver.o
 .text.LPUART_DRV_CompleteReceiveDataUsingInt
                0x0000248c       0x68 ./SDK/platform/drivers/src/lpuart/lpuart_driver.o
 .text.LPUART_DRV_StopRxDma
                0x000024f4       0x64 ./SDK/platform/drivers/src/lpuart/lpuart_driver.o
 .text.LPUART_DRV_RxDmaCallback
                0x00002558       0xa4 ./SDK/platform/drivers/src/lpuart/lpuart_driver.o
 .text.LPUART_DRV_GetData
                0x000025fc       0x60 ./SDK/platform/drivers/src/lpuart/lpuart_driver.o
 .text.LPUART_DRV_InstallRxCallback
                0x0000265c       0x1c ./SDK/platform/drivers/src/lpuart/lpuart_driver.o
                0x0000265c                LPUART_DRV_InstallRxCallback
 .text.LPUART_DRV_SendDataBlocking
                0x00002678       0x70 ./SDK/platform/drivers/src/lpuart/lpuart_driver.o
                0x00002678                LPUART_DRV_SendDataBlocking
 .text.LPUART_DRV_ReceiveData
                0x000026e8       0x3c ./SDK/platform/drivers/src/lpuart/lpuart_driver.o
                0x000026e8                LPUART_DRV_ReceiveData
 .text.LPUART_DRV_SetBaudRate
                0x00002724       0xf0 ./SDK/platform/drivers/src/lpuart/lpuart_driver.o
                0x00002724                LPUART_DRV_SetBaudRate
 .text.LPUART_DRV_Init
                0x00002814      0x138 ./SDK/platform/drivers/src/lpuart/lpuart_driver.o
                0x00002814                LPUART_DRV_Init
 .text.LPUART_DRV_SetRxBuffer
                0x0000294c       0x28 ./SDK/platform/drivers/src/lpuart/lpuart_driver.o
                0x0000294c                LPUART_DRV_SetRxBuffer
 .text.LPUART_DRV_IRQHandler
                0x00002974      0x288 ./SDK/platform/drivers/src/lpuart/lpuart_driver.o
                0x00002974                LPUART_DRV_IRQHandler
 .text.LPUART_Init
                0x00002bfc       0x24 ./SDK/platform/drivers/src/lpuart/lpuart_hw_access.o
                0x00002bfc                LPUART_Init
 .text.LPUART_SetBitCountPerChar
                0x00002c20       0x30 ./SDK/platform/drivers/src/lpuart/lpuart_hw_access.o
                0x00002c20                LPUART_SetBitCountPerChar
 .text.LPUART_SetParityMode
                0x00002c50       0x1e ./SDK/platform/drivers/src/lpuart/lpuart_hw_access.o
                0x00002c50                LPUART_SetParityMode
 .text.LPUART_Putchar9
                0x00002c6e       0x16 ./SDK/platform/drivers/src/lpuart/lpuart_hw_access.o
                0x00002c6e                LPUART_Putchar9
 .text.LPUART_Putchar10
                0x00002c84       0x22 ./SDK/platform/drivers/src/lpuart/lpuart_hw_access.o
                0x00002c84                LPUART_Putchar10
 .text.LPUART_Getchar9
                0x00002ca6       0x1e ./SDK/platform/drivers/src/lpuart/lpuart_hw_access.o
                0x00002ca6                LPUART_Getchar9
 .text.LPUART_Getchar10
                0x00002cc4       0x26 ./SDK/platform/drivers/src/lpuart/lpuart_hw_access.o
                0x00002cc4                LPUART_Getchar10
 .text.LPUART_SetIntMode
                0x00002cea       0x70 ./SDK/platform/drivers/src/lpuart/lpuart_hw_access.o
                0x00002cea                LPUART_SetIntMode
 .text.LPUART_GetIntMode
                0x00002d5a       0x4a ./SDK/platform/drivers/src/lpuart/lpuart_hw_access.o
                0x00002d5a                LPUART_GetIntMode
 .text.LPUART_GetStatusFlag
                0x00002da4       0x48 ./SDK/platform/drivers/src/lpuart/lpuart_hw_access.o
                0x00002da4                LPUART_GetStatusFlag
 .text.LPUART_SetErrorInterrupts
                0x00002dec       0x40 ./SDK/platform/drivers/src/lpuart/lpuart_hw_access.o
                0x00002dec                LPUART_SetErrorInterrupts
 .text.LPUART0_IrqHandler
                0x00002e2c        0xa ./SDK/platform/drivers/src/lpuart/lpuart_irq.o
                0x00002e2c                LPUART0_IrqHandler
 .text.LPUART1_IrqHandler
                0x00002e36        0xa ./SDK/platform/drivers/src/lpuart/lpuart_irq.o
                0x00002e36                LPUART1_IrqHandler
 .text.LPUART2_IrqHandler
                0x00002e40        0xa ./SDK/platform/drivers/src/lpuart/lpuart_irq.o
                0x00002e40                LPUART2_IrqHandler
 .text.PINS_DRV_Init
                0x00002e4a       0x20 ./SDK/platform/drivers/src/pins/pins_driver.o
                0x00002e4a                PINS_DRV_Init
 .text.PINS_DRV_SetMuxModeSel
                0x00002e6a        0x8 ./SDK/platform/drivers/src/pins/pins_driver.o
                0x00002e6a                PINS_DRV_SetMuxModeSel
 .text.PINS_DRV_SetPinDirection
                0x00002e72       0x18 ./SDK/platform/drivers/src/pins/pins_driver.o
                0x00002e72                PINS_DRV_SetPinDirection
 .text.PINS_DRV_WritePin
                0x00002e8a       0x18 ./SDK/platform/drivers/src/pins/pins_driver.o
                0x00002e8a                PINS_DRV_WritePin
 *fill*         0x00002ea2        0x2 
 .text.PINS_GetAdcInterleaveVal
                0x00002ea4       0x70 ./SDK/platform/drivers/src/pins/pins_port_hw_access.o
 .text.PINS_Init
                0x00002f14      0x138 ./SDK/platform/drivers/src/pins/pins_port_hw_access.o
                0x00002f14                PINS_Init
 .text.PINS_SetMuxModeSel
                0x0000304c       0x58 ./SDK/platform/drivers/src/pins/pins_port_hw_access.o
                0x0000304c                PINS_SetMuxModeSel
 .text.SysTick_Handler
                0x000030a4       0x10 ./SDK/rtos/osif/osif_baremetal.o
                0x000030a4                SysTick_Handler
 .text.OSIF_SemaWait
                0x000030b4       0x90 ./SDK/rtos/osif/osif_baremetal.o
                0x000030b4                OSIF_SemaWait
 .text.OSIF_SemaPost
                0x00003144       0x2c ./SDK/rtos/osif/osif_baremetal.o
                0x00003144                OSIF_SemaPost
 .text.OSIF_SemaCreate
                0x00003170       0x1a ./SDK/rtos/osif/osif_baremetal.o
                0x00003170                OSIF_SemaCreate
 *fill*         0x0000318a        0x2 
 .text.rxCallback
                0x0000318c       0xf8 ./Sources/main.o
                0x0000318c                rxCallback
 .text.main     0x00003284      0x204 ./Sources/main.o
                0x00003284                main
 .text.strstr   0x00003488       0x36 D:/S32K144/S32DS_ARM_v2.2/S32DS/build_tools/gcc_v6.3/gcc-6.3-arm32-eabi/arm-none-eabi/newlib/lib/thumb/v7e-m/fpv4-sp/hard\libc_nano.a(lib_a-strstr.o)
                0x00003488                strstr
 *(.rodata)
 *(.rodata*)
 *fill*         0x000034be        0x2 
 .rodata.lpuart1_InitConfig0
                0x000034c0        0xc ./Generated_Code/lpuart1.o
                0x000034c0                lpuart1_InitConfig0
 .rodata.clockNameMappings
                0x000034cc       0x9e ./SDK/platform/drivers/src/clock/S32K1xx/clock_S32K1xx.o
                0x000034cc                clockNameMappings
 *fill*         0x0000356a        0x2 
 .rodata.maxSysClksInHSRUN.7602
                0x0000356c       0x54 ./SDK/platform/drivers/src/clock/S32K1xx/clock_S32K1xx.o
 .rodata.maxSysClksInRUN.7601
                0x000035c0       0x54 ./SDK/platform/drivers/src/clock/S32K1xx/clock_S32K1xx.o
 .rodata.maxSysClksInVLPR.7600
                0x00003614       0x54 ./SDK/platform/drivers/src/clock/S32K1xx/clock_S32K1xx.o
 .rodata.peripheralFeaturesList
                0x00003668       0x4f ./SDK/platform/drivers/src/clock/S32K1xx/clock_S32K1xx.o
                0x00003668                peripheralFeaturesList
 *fill*         0x000036b7        0x1 
 .rodata.s_lpuartBase
                0x000036b8        0xc ./SDK/platform/drivers/src/lpuart/lpuart_driver.o
 .rodata.s_lpuartClkNames
                0x000036c4        0x3 ./SDK/platform/drivers/src/lpuart/lpuart_driver.o
 *fill*         0x000036c7        0x1 
 .rodata.s_lpuartRxTxIrqId
                0x000036c8        0x3 ./SDK/platform/drivers/src/lpuart/lpuart_driver.o
 *fill*         0x000036cb        0x1 
 .rodata.main.str1.4
                0x000036cc       0x2e ./Sources/main.o
 *fill*         0x000036fa        0x2 
 .rodata.rxCallback.str1.4
                0x000036fc       0x1d ./Sources/main.o
 *fill*         0x00003719        0x3 
 .rodata.str1.4
                0x0000371c       0x74 ./Sources/main.o
                                 0x71 (size before relaxing)
 *(.init)
 .init          0x00003790        0x4 d:/s32k144/s32ds_arm_v2.2/s32ds/build_tools/gcc_v6.3/gcc-6.3-arm32-eabi/bin/../lib/gcc/arm-none-eabi/6.3.1/thumb/v7e-m/fpv4-sp/hard/crti.o
                0x00003790                _init
 *(.fini)
 .fini          0x00003794        0x4 d:/s32k144/s32ds_arm_v2.2/s32ds/build_tools/gcc_v6.3/gcc-6.3-arm32-eabi/bin/../lib/gcc/arm-none-eabi/6.3.1/thumb/v7e-m/fpv4-sp/hard/crti.o
                0x00003794                _fini
 *(.eh_frame)
                0x00003798                . = ALIGN (0x4)

.glue_7         0x00003798        0x0
 .glue_7        0x00003798        0x0 linker stubs

.glue_7t        0x00003798        0x0
 .glue_7t       0x00003798        0x0 linker stubs

.vfp11_veneer   0x00003798        0x0
 .vfp11_veneer  0x00003798        0x0 linker stubs

.v4_bx          0x00003798        0x0
 .v4_bx         0x00003798        0x0 linker stubs

.iplt           0x00003798        0x0
 .iplt          0x00003798        0x0 d:/s32k144/s32ds_arm_v2.2/s32ds/build_tools/gcc_v6.3/gcc-6.3-arm32-eabi/bin/../lib/gcc/arm-none-eabi/6.3.1/thumb/v7e-m/fpv4-sp/hard/crtbegin.o

.rel.dyn        0x00003798        0x0
 .rel.iplt      0x00003798        0x0 d:/s32k144/s32ds_arm_v2.2/s32ds/build_tools/gcc_v6.3/gcc-6.3-arm32-eabi/bin/../lib/gcc/arm-none-eabi/6.3.1/thumb/v7e-m/fpv4-sp/hard/crtbegin.o

.ARM            0x00003798        0x0
                0x00003798                __exidx_start = .
 *(.ARM.exidx*)
                0x00003798                __exidx_end = .
                0x00003798                __etext = .
                0x00003798                __DATA_ROM = .

.interrupts_ram
                0x1fff8000      0x400
                0x1fff8000                . = ALIGN (0x4)
                0x1fff8000                __VECTOR_RAM__ = .
                0x1fff8000                __RAM_START = .
                0x1fff8000                __interrupts_ram_start__ = .
 *(.m_interrupts_ram)
                0x1fff8400                . = (. + M_VECTOR_RAM_SIZE)
 *fill*         0x1fff8000      0x400 
                0x1fff8400                . = ALIGN (0x4)
                0x1fff8400                __interrupts_ram_end__ = .
                0x1fff8000                __VECTOR_RAM = DEFINED (__flash_vector_table__)?ORIGIN (m_interrupts):__VECTOR_RAM__
                0x00000400                __RAM_VECTOR_TABLE_SIZE = DEFINED (__flash_vector_table__)?0x0:(__interrupts_ram_end__ - __interrupts_ram_start__)

.data           0x1fff8400      0x210 load address 0x00003798
                0x1fff8400                . = ALIGN (0x4)
                0x1fff8400                __DATA_RAM = .
                0x1fff8400                __data_start__ = .
 *(.data)
 *(.data*)
 .data.clockMan1_InitConfig0
                0x1fff8400       0x78 ./Generated_Code/clockMan1.o
                0x1fff8400                clockMan1_InitConfig0
 .data.g_clockManConfigsArr
                0x1fff8478        0x4 ./Generated_Code/clockMan1.o
                0x1fff8478                g_clockManConfigsArr
 .data.peripheralClockConfig0
                0x1fff847c       0x2d ./Generated_Code/clockMan1.o
                0x1fff847c                peripheralClockConfig0
 *fill*         0x1fff84a9        0x3 
 .data.g_pin_mux_InitConfigArr
                0x1fff84ac       0xa8 ./Generated_Code/pin_mux.o
                0x1fff84ac                g_pin_mux_InitConfigArr
 .data.peripheralClockConfig.7364
                0x1fff8554       0xa0 ./SDK/platform/drivers/src/clock/S32K1xx/clock_S32K1xx.o
 .data.g_lpuartIsr
                0x1fff85f4        0xc ./SDK/platform/drivers/src/lpuart/lpuart_irq.o
                0x1fff85f4                g_lpuartIsr
 .data.msgList  0x1fff8600       0x10 ./Sources/main.o
                0x1fff8600                msgList
                0x1fff8610                . = ALIGN (0x4)
                0x1fff8610                __data_end__ = .
                0x000039a8                __DATA_END = (__DATA_ROM + (__data_end__ - __data_start__))
                0x000039a8                __CODE_ROM = __DATA_END

.igot.plt       0x1fff8610        0x0 load address 0x000039a8
 .igot.plt      0x1fff8610        0x0 d:/s32k144/s32ds_arm_v2.2/s32ds/build_tools/gcc_v6.3/gcc-6.3-arm32-eabi/bin/../lib/gcc/arm-none-eabi/6.3.1/thumb/v7e-m/fpv4-sp/hard/crtbegin.o

.code           0x1fff8610        0x0 load address 0x000039a8
                0x1fff8610                . = ALIGN (0x4)
                0x1fff8610                __CODE_RAM = .
                0x1fff8610                __code_start__ = .
                0x1fff8610                __code_ram_start__ = .
 *(.code_ram)
                0x1fff8610                . = ALIGN (0x4)
                0x1fff8610                __code_end__ = .
                0x1fff8610                __code_ram_end__ = .
                0x000039a8                __CODE_END = (__CODE_ROM + (__code_end__ - __code_start__))
                0x000039a8                __CUSTOM_ROM = __CODE_END

.customSectionBlock
                0x20000000        0x0 load address 0x000039a8
                0x20000000                __customSection_start__ = .
 *(.customSection)
                0x20000000                __customSection_end__ = .
                0x000039a8                __CUSTOM_END = (__CUSTOM_ROM + (__customSection_end__ - __customSection_start__))

.bss            0x20000000       0xd0
                0x20000000                . = ALIGN (0x4)
                0x20000000                __BSS_START = .
                0x20000000                __bss_start__ = .
 *(.bss)
 *(.bss*)
 .bss.g_clockManCallbacksArr
                0x20000000        0x4 ./Generated_Code/clockMan1.o
                0x20000000                g_clockManCallbacksArr
 .bss.g_clockState
                0x20000004       0x10 ./SDK/platform/drivers/src/clock/S32K1xx/clock_S32K1xx.o
 .bss.s_virtEdmaState
                0x20000014        0x4 ./SDK/platform/drivers/src/edma/edma_driver.o
 .bss.g_interruptDisableCount
                0x20000018        0x4 ./SDK/platform/drivers/src/interrupt/interrupt_manager.o
 .bss.s_lpuartStatePtr
                0x2000001c        0xc ./SDK/platform/drivers/src/lpuart/lpuart_driver.o
 .bss.s_osif_tick_cnt
                0x20000028        0x4 ./SDK/rtos/osif/osif_baremetal.o
 .bss.blue_timer
                0x2000002c        0x4 ./Sources/main.o
                0x2000002c                blue_timer
 .bss.currentMsgIndex
                0x20000030        0x1 ./Sources/main.o
 *fill*         0x20000031        0x3 
 .bss.green_timer
                0x20000034        0x4 ./Sources/main.o
                0x20000034                green_timer
 .bss.ms_counter
                0x20000038        0x4 ./Sources/main.o
                0x20000038                ms_counter
 .bss.red_timer
                0x2000003c        0x4 ./Sources/main.o
                0x2000003c                red_timer
 .bss.rxBuffer  0x20000040       0x40 ./Sources/main.o
 .bss.rxByte    0x20000080        0x1 ./Sources/main.o
 .bss.rxIndex   0x20000081        0x1 ./Sources/main.o
 .bss.sendBlueAck
                0x20000082        0x1 ./Sources/main.o
                0x20000082                sendBlueAck
 .bss.sendGreenAck
                0x20000083        0x1 ./Sources/main.o
                0x20000083                sendGreenAck
 .bss.sendRedAck
                0x20000084        0x1 ./Sources/main.o
                0x20000084                sendRedAck
 *(COMMON)
 *fill*         0x20000085        0x3 
 COMMON         0x20000088       0x34 ./Generated_Code/lpuart1.o
                0x20000088                lpuart1_State
 COMMON         0x200000bc       0x14 ./SDK/platform/drivers/src/clock/S32K1xx/clock_S32K1xx.o
                0x200000bc                g_xtal0ClkFreq
                0x200000c0                g_RtcClkInFreq
                0x200000c4                g_TClkFreq
                0x200000d0                . = ALIGN (0x4)
                0x200000d0                __bss_end__ = .
                0x200000d0                __BSS_END = .

.heap           0x200000d0      0x400
                0x200000d0                . = ALIGN (0x8)
                0x200000d0                __end__ = .
                0x200000d0                __heap_start__ = .
                [!provide]                PROVIDE (end, .)
                [!provide]                PROVIDE (_end, .)
                [!provide]                PROVIDE (__end, .)
                0x200000d0                __HeapBase = .
                0x200004d0                . = (. + HEAP_SIZE)
 *fill*         0x200000d0      0x400 
                0x200004d0                __HeapLimit = .
                0x200004d0                __heap_limit = .
                0x200004d0                __heap_end__ = .
                0x20007000                __StackTop = (ORIGIN (m_data_2) + LENGTH (m_data_2))
                0x20006c00                __StackLimit = (__StackTop - STACK_SIZE)
                0x20007000                PROVIDE (__stack, __StackTop)
                0x20007000                __RAM_END = __StackTop

.stack          0x20006c00      0x400
                0x20006c00                . = ALIGN (0x8)
                0x20006c00                __stack_start__ = .
                0x20007000                . = (. + STACK_SIZE)
 *fill*         0x20006c00      0x400 
                0x20007000                __stack_end__ = .

.ARM.attributes
                0x00000000       0x30
 *(.ARM.attributes)
 .ARM.attributes
                0x00000000       0x22 d:/s32k144/s32ds_arm_v2.2/s32ds/build_tools/gcc_v6.3/gcc-6.3-arm32-eabi/bin/../lib/gcc/arm-none-eabi/6.3.1/thumb/v7e-m/fpv4-sp/hard/crti.o
 .ARM.attributes
                0x00000022       0x39 ./Generated_Code/clockMan1.o
 .ARM.attributes
                0x0000005b       0x39 ./Generated_Code/lpuart1.o
 .ARM.attributes
                0x00000094       0x39 ./Generated_Code/pin_mux.o
 .ARM.attributes
                0x000000cd       0x1f ./Project_Settings/Startup_Code/startup_S32K144.o
 .ARM.attributes
                0x000000ec       0x39 ./SDK/platform/devices/S32K144/startup/system_S32K144.o
 .ARM.attributes
                0x00000125       0x39 ./SDK/platform/devices/startup.o
 .ARM.attributes
                0x0000015e       0x39 ./SDK/platform/drivers/src/clock/S32K1xx/clock_S32K1xx.o
 .ARM.attributes
                0x00000197       0x39 ./SDK/platform/drivers/src/edma/edma_driver.o
 .ARM.attributes
                0x000001d0       0x39 ./SDK/platform/drivers/src/edma/edma_hw_access.o
 .ARM.attributes
                0x00000209       0x39 ./SDK/platform/drivers/src/edma/edma_irq.o
 .ARM.attributes
                0x00000242       0x39 ./SDK/platform/drivers/src/interrupt/interrupt_manager.o
 .ARM.attributes
                0x0000027b       0x39 ./SDK/platform/drivers/src/lpuart/lpuart_driver.o
 .ARM.attributes
                0x000002b4       0x39 ./SDK/platform/drivers/src/lpuart/lpuart_hw_access.o
 .ARM.attributes
                0x000002ed       0x39 ./SDK/platform/drivers/src/lpuart/lpuart_irq.o
 .ARM.attributes
                0x00000326       0x39 ./SDK/platform/drivers/src/pins/pins_driver.o
 .ARM.attributes
                0x0000035f       0x39 ./SDK/platform/drivers/src/pins/pins_port_hw_access.o
 .ARM.attributes
                0x00000398       0x39 ./SDK/rtos/osif/osif_baremetal.o
 .ARM.attributes
                0x000003d1       0x39 ./Sources/main.o
 .ARM.attributes
                0x0000040a       0x1b D:/S32K144/S32DS_ARM_v2.2/S32DS/build_tools/gcc_v6.3/gcc-6.3-arm32-eabi/arm-none-eabi/newlib/lib/thumb/v7e-m/fpv4-sp/hard\libc_nano.a(lib_a-strlen.o)
 .ARM.attributes
                0x00000425       0x34 D:/S32K144/S32DS_ARM_v2.2/S32DS/build_tools/gcc_v6.3/gcc-6.3-arm32-eabi/arm-none-eabi/newlib/lib/thumb/v7e-m/fpv4-sp/hard\libc_nano.a(lib_a-strstr.o)
                0x00000001                ASSERT ((__StackLimit >= __HeapLimit), region m_data_2 overflowed with stack and heap)
OUTPUT(lpuart_echo_s32k144.elf elf32-littlearm)

.debug_info     0x00000000    0x19ff0
 .debug_info    0x00000000     0x1c96 ./Generated_Code/clockMan1.o
 .debug_info    0x00001c96     0x1b6e ./Generated_Code/lpuart1.o
 .debug_info    0x00003804      0x40a ./Generated_Code/pin_mux.o
 .debug_info    0x00003c0e       0x26 ./Project_Settings/Startup_Code/startup_S32K144.o
 .debug_info    0x00003c34      0x521 ./SDK/platform/devices/S32K144/startup/system_S32K144.o
 .debug_info    0x00004155      0x2ad ./SDK/platform/devices/startup.o
 .debug_info    0x00004402     0x606d ./SDK/platform/drivers/src/clock/S32K1xx/clock_S32K1xx.o
 .debug_info    0x0000a46f     0x479e ./SDK/platform/drivers/src/edma/edma_driver.o
 .debug_info    0x0000ec0d      0xa55 ./SDK/platform/drivers/src/edma/edma_hw_access.o
 .debug_info    0x0000f662      0x6db ./SDK/platform/drivers/src/edma/edma_irq.o
 .debug_info    0x0000fd3d      0xb9d ./SDK/platform/drivers/src/interrupt/interrupt_manager.o
 .debug_info    0x000108da     0x3750 ./SDK/platform/drivers/src/lpuart/lpuart_driver.o
 .debug_info    0x0001402a      0x9bb ./SDK/platform/drivers/src/lpuart/lpuart_hw_access.o
 .debug_info    0x000149e5      0x127 ./SDK/platform/drivers/src/lpuart/lpuart_irq.o
 .debug_info    0x00014b0c     0x14ba ./SDK/platform/drivers/src/pins/pins_driver.o
 .debug_info    0x00015fc6      0x9a5 ./SDK/platform/drivers/src/pins/pins_port_hw_access.o
 .debug_info    0x0001696b      0xba7 ./SDK/rtos/osif/osif_baremetal.o
 .debug_info    0x00017512     0x2ade ./Sources/main.o

.debug_abbrev   0x00000000     0x250d
 .debug_abbrev  0x00000000      0x146 ./Generated_Code/clockMan1.o
 .debug_abbrev  0x00000146      0x139 ./Generated_Code/lpuart1.o
 .debug_abbrev  0x0000027f       0xcd ./Generated_Code/pin_mux.o
 .debug_abbrev  0x0000034c       0x14 ./Project_Settings/Startup_Code/startup_S32K144.o
 .debug_abbrev  0x00000360      0x141 ./SDK/platform/devices/S32K144/startup/system_S32K144.o
 .debug_abbrev  0x000004a1       0xe1 ./SDK/platform/devices/startup.o
 .debug_abbrev  0x00000582      0x409 ./SDK/platform/drivers/src/clock/S32K1xx/clock_S32K1xx.o
 .debug_abbrev  0x0000098b      0x412 ./SDK/platform/drivers/src/edma/edma_driver.o
 .debug_abbrev  0x00000d9d      0x240 ./SDK/platform/drivers/src/edma/edma_hw_access.o
 .debug_abbrev  0x00000fdd      0x1b9 ./SDK/platform/drivers/src/edma/edma_irq.o
 .debug_abbrev  0x00001196      0x24e ./SDK/platform/drivers/src/interrupt/interrupt_manager.o
 .debug_abbrev  0x000013e4      0x3ab ./SDK/platform/drivers/src/lpuart/lpuart_driver.o
 .debug_abbrev  0x0000178f      0x1ed ./SDK/platform/drivers/src/lpuart/lpuart_hw_access.o
 .debug_abbrev  0x0000197c       0xba ./SDK/platform/drivers/src/lpuart/lpuart_irq.o
 .debug_abbrev  0x00001a36      0x2f6 ./SDK/platform/drivers/src/pins/pins_driver.o
 .debug_abbrev  0x00001d2c      0x232 ./SDK/platform/drivers/src/pins/pins_port_hw_access.o
 .debug_abbrev  0x00001f5e      0x2df ./SDK/rtos/osif/osif_baremetal.o
 .debug_abbrev  0x0000223d      0x2d0 ./Sources/main.o

.debug_aranges  0x00000000      0x828
 .debug_aranges
                0x00000000       0x18 ./Generated_Code/clockMan1.o
 .debug_aranges
                0x00000018       0x18 ./Generated_Code/lpuart1.o
 .debug_aranges
                0x00000030       0x18 ./Generated_Code/pin_mux.o
 .debug_aranges
                0x00000048       0x20 ./Project_Settings/Startup_Code/startup_S32K144.o
 .debug_aranges
                0x00000068       0x30 ./SDK/platform/devices/S32K144/startup/system_S32K144.o
 .debug_aranges
                0x00000098       0x20 ./SDK/platform/devices/startup.o
 .debug_aranges
                0x000000b8      0x120 ./SDK/platform/drivers/src/clock/S32K1xx/clock_S32K1xx.o
 .debug_aranges
                0x000001d8      0x140 ./SDK/platform/drivers/src/edma/edma_driver.o
 .debug_aranges
                0x00000318       0x88 ./SDK/platform/drivers/src/edma/edma_hw_access.o
 .debug_aranges
                0x000003a0       0xa0 ./SDK/platform/drivers/src/edma/edma_irq.o
 .debug_aranges
                0x00000440       0x70 ./SDK/platform/drivers/src/interrupt/interrupt_manager.o
 .debug_aranges
                0x000004b0      0x118 ./SDK/platform/drivers/src/lpuart/lpuart_driver.o
 .debug_aranges
                0x000005c8       0x78 ./SDK/platform/drivers/src/lpuart/lpuart_hw_access.o
 .debug_aranges
                0x00000640       0x30 ./SDK/platform/drivers/src/lpuart/lpuart_irq.o
 .debug_aranges
                0x00000670       0xe0 ./SDK/platform/drivers/src/pins/pins_driver.o
 .debug_aranges
                0x00000750       0x40 ./SDK/platform/drivers/src/pins/pins_port_hw_access.o
 .debug_aranges
                0x00000790       0x70 ./SDK/rtos/osif/osif_baremetal.o
 .debug_aranges
                0x00000800       0x28 ./Sources/main.o

.debug_macro    0x00000000    0x10839
 .debug_macro   0x00000000      0x17b ./Generated_Code/clockMan1.o
 .debug_macro   0x0000017b     0xed32 ./Generated_Code/clockMan1.o
 .debug_macro   0x0000eead       0x10 ./Generated_Code/clockMan1.o
 .debug_macro   0x0000eebd       0x10 ./Generated_Code/clockMan1.o
 .debug_macro   0x0000eecd      0x17f ./Generated_Code/lpuart1.o
 .debug_macro   0x0000f04c       0xdd ./Generated_Code/pin_mux.o
 .debug_macro   0x0000f129       0xb6 ./SDK/platform/devices/S32K144/startup/system_S32K144.o
 .debug_macro   0x0000f1df       0xb6 ./SDK/platform/devices/startup.o
 .debug_macro   0x0000f295       0x40 ./SDK/platform/devices/startup.o
 .debug_macro   0x0000f2d5      0x2a3 ./SDK/platform/drivers/src/clock/S32K1xx/clock_S32K1xx.o
 .debug_macro   0x0000f578       0xf7 ./SDK/platform/drivers/src/edma/edma_driver.o
 .debug_macro   0x0000f66f       0xcc ./SDK/platform/drivers/src/edma/edma_hw_access.o
 .debug_macro   0x0000f73b       0xd0 ./SDK/platform/drivers/src/edma/edma_irq.o
 .debug_macro   0x0000f80b       0xb7 ./SDK/platform/drivers/src/interrupt/interrupt_manager.o
 .debug_macro   0x0000f8c2      0x131 ./SDK/platform/drivers/src/lpuart/lpuart_driver.o
 .debug_macro   0x0000f9f3       0x34 ./SDK/platform/drivers/src/lpuart/lpuart_driver.o
 .debug_macro   0x0000fa27      0x109 ./SDK/platform/drivers/src/lpuart/lpuart_hw_access.o
 .debug_macro   0x0000fb30       0xc1 ./SDK/platform/drivers/src/lpuart/lpuart_irq.o
 .debug_macro   0x0000fbf1       0xde ./SDK/platform/drivers/src/pins/pins_driver.o
 .debug_macro   0x0000fccf       0xde ./SDK/platform/drivers/src/pins/pins_port_hw_access.o
 .debug_macro   0x0000fdad       0xfb ./SDK/rtos/osif/osif_baremetal.o
 .debug_macro   0x0000fea8      0x27b ./Sources/main.o
 .debug_macro   0x00010123       0x52 ./Sources/main.o
 .debug_macro   0x00010175       0x3c ./Sources/main.o
 .debug_macro   0x000101b1       0x9c ./Sources/main.o
 .debug_macro   0x0001024d       0x52 ./Sources/main.o
 .debug_macro   0x0001029f       0x1f ./Sources/main.o
 .debug_macro   0x000102be       0x43 ./Sources/main.o
 .debug_macro   0x00010301       0x20 ./Sources/main.o
 .debug_macro   0x00010321      0x1a3 ./Sources/main.o
 .debug_macro   0x000104c4      0x330 ./Sources/main.o
 .debug_macro   0x000107f4       0x10 ./Sources/main.o
 .debug_macro   0x00010804       0x35 ./Sources/main.o

.debug_line     0x00000000     0x8775
 .debug_line    0x00000000      0x61d ./Generated_Code/clockMan1.o
 .debug_line    0x0000061d      0x61b ./Generated_Code/lpuart1.o
 .debug_line    0x00000c38      0x43b ./Generated_Code/pin_mux.o
 .debug_line    0x00001073       0xd5 ./Project_Settings/Startup_Code/startup_S32K144.o
 .debug_line    0x00001148      0x46c ./SDK/platform/devices/S32K144/startup/system_S32K144.o
 .debug_line    0x000015b4      0x3f0 ./SDK/platform/devices/startup.o
 .debug_line    0x000019a4     0x14fe ./SDK/platform/drivers/src/clock/S32K1xx/clock_S32K1xx.o
 .debug_line    0x00002ea2     0x10e5 ./SDK/platform/drivers/src/edma/edma_driver.o
 .debug_line    0x00003f87      0x669 ./SDK/platform/drivers/src/edma/edma_hw_access.o
 .debug_line    0x000045f0      0x5d0 ./SDK/platform/drivers/src/edma/edma_irq.o
 .debug_line    0x00004bc0      0x5e7 ./SDK/platform/drivers/src/interrupt/interrupt_manager.o
 .debug_line    0x000051a7      0xf04 ./SDK/platform/drivers/src/lpuart/lpuart_driver.o
 .debug_line    0x000060ab      0x6be ./SDK/platform/drivers/src/lpuart/lpuart_hw_access.o
 .debug_line    0x00006769      0x4ab ./SDK/platform/drivers/src/lpuart/lpuart_irq.o
 .debug_line    0x00006c14      0x742 ./SDK/platform/drivers/src/pins/pins_driver.o
 .debug_line    0x00007356      0x601 ./SDK/platform/drivers/src/pins/pins_port_hw_access.o
 .debug_line    0x00007957      0x6a6 ./SDK/rtos/osif/osif_baremetal.o
 .debug_line    0x00007ffd      0x778 ./Sources/main.o

.debug_str      0x00000000    0x74248
 .debug_str     0x00000000    0x6b7b8 ./Generated_Code/clockMan1.o
                              0x6bc96 (size before relaxing)
 .debug_str     0x0006b7b8       0x1c ./Generated_Code/lpuart1.o
                              0x6b7fc (size before relaxing)
 .debug_str     0x0006b7d4       0x1c ./Generated_Code/pin_mux.o
                              0x68cb9 (size before relaxing)
 .debug_str     0x0006b7f0       0x85 ./Project_Settings/Startup_Code/startup_S32K144.o
                                 0xc7 (size before relaxing)
 .debug_str     0x0006b875      0x21d ./SDK/platform/devices/S32K144/startup/system_S32K144.o
                              0x68844 (size before relaxing)
 .debug_str     0x0006ba92      0x3a2 ./SDK/platform/devices/startup.o
                              0x689b6 (size before relaxing)
 .debug_str     0x0006be34     0x1e0b ./SDK/platform/drivers/src/clock/S32K1xx/clock_S32K1xx.o
                              0x6c9df (size before relaxing)
 .debug_str     0x0006dc3f     0x17fe ./SDK/platform/drivers/src/edma/edma_driver.o
                              0x6b74d (size before relaxing)
 .debug_str     0x0006f43d       0x81 ./SDK/platform/drivers/src/edma/edma_hw_access.o
                              0x68f15 (size before relaxing)
 .debug_str     0x0006f4be      0x19d ./SDK/platform/drivers/src/edma/edma_irq.o
                              0x68c20 (size before relaxing)
 .debug_str     0x0006f65b      0x19f ./SDK/platform/drivers/src/interrupt/interrupt_manager.o
                              0x68e35 (size before relaxing)
 .debug_str     0x0006f7fa      0xc0e ./SDK/platform/drivers/src/lpuart/lpuart_driver.o
                              0x6aef9 (size before relaxing)
 .debug_str     0x00070408       0xff ./SDK/platform/drivers/src/lpuart/lpuart_hw_access.o
                              0x698c4 (size before relaxing)
 .debug_str     0x00070507       0xa4 ./SDK/platform/drivers/src/lpuart/lpuart_irq.o
                              0x6862f (size before relaxing)
 .debug_str     0x000705ab      0x64f ./SDK/platform/drivers/src/pins/pins_driver.o
                              0x69b12 (size before relaxing)
 .debug_str     0x00070bfa      0x1d8 ./SDK/platform/drivers/src/pins/pins_port_hw_access.o
                              0x68ffa (size before relaxing)
 .debug_str     0x00070dd2      0x1e7 ./SDK/rtos/osif/osif_baremetal.o
                              0x69964 (size before relaxing)
 .debug_str     0x00070fb9     0x328f ./Sources/main.o
                              0x6ebd0 (size before relaxing)

.comment        0x00000000       0xa0
 .comment       0x00000000       0xa0 ./Generated_Code/clockMan1.o
                                 0xa1 (size before relaxing)
 .comment       0x000000a0       0xa1 ./Generated_Code/lpuart1.o
 .comment       0x000000a0       0xa1 ./Generated_Code/pin_mux.o
 .comment       0x000000a0       0xa1 ./SDK/platform/devices/S32K144/startup/system_S32K144.o
 .comment       0x000000a0       0xa1 ./SDK/platform/devices/startup.o
 .comment       0x000000a0       0xa1 ./SDK/platform/drivers/src/clock/S32K1xx/clock_S32K1xx.o
 .comment       0x000000a0       0xa1 ./SDK/platform/drivers/src/edma/edma_driver.o
 .comment       0x000000a0       0xa1 ./SDK/platform/drivers/src/edma/edma_hw_access.o
 .comment       0x000000a0       0xa1 ./SDK/platform/drivers/src/edma/edma_irq.o
 .comment       0x000000a0       0xa1 ./SDK/platform/drivers/src/interrupt/interrupt_manager.o
 .comment       0x000000a0       0xa1 ./SDK/platform/drivers/src/lpuart/lpuart_driver.o
 .comment       0x000000a0       0xa1 ./SDK/platform/drivers/src/lpuart/lpuart_hw_access.o
 .comment       0x000000a0       0xa1 ./SDK/platform/drivers/src/lpuart/lpuart_irq.o
 .comment       0x000000a0       0xa1 ./SDK/platform/drivers/src/pins/pins_driver.o
 .comment       0x000000a0       0xa1 ./SDK/platform/drivers/src/pins/pins_port_hw_access.o
 .comment       0x000000a0       0xa1 ./SDK/rtos/osif/osif_baremetal.o
 .comment       0x000000a0       0xa1 ./Sources/main.o

.debug_loc      0x00000000     0xd346
 .debug_loc     0x00000000       0xeb ./SDK/platform/devices/S32K144/startup/system_S32K144.o
 .debug_loc     0x000000eb       0xec ./SDK/platform/devices/startup.o
 .debug_loc     0x000001d7     0x4e23 ./SDK/platform/drivers/src/clock/S32K1xx/clock_S32K1xx.o
 .debug_loc     0x00004ffa     0x3263 ./SDK/platform/drivers/src/edma/edma_driver.o
 .debug_loc     0x0000825d      0x7b9 ./SDK/platform/drivers/src/edma/edma_hw_access.o
 .debug_loc     0x00008a16       0x50 ./SDK/platform/drivers/src/edma/edma_irq.o
 .debug_loc     0x00008a66      0x63c ./SDK/platform/drivers/src/interrupt/interrupt_manager.o
 .debug_loc     0x000090a2     0x2704 ./SDK/platform/drivers/src/lpuart/lpuart_driver.o
 .debug_loc     0x0000b7a6      0x75e ./SDK/platform/drivers/src/lpuart/lpuart_hw_access.o
 .debug_loc     0x0000bf04      0x7c7 ./SDK/platform/drivers/src/pins/pins_driver.o
 .debug_loc     0x0000c6cb      0x639 ./SDK/platform/drivers/src/pins/pins_port_hw_access.o
 .debug_loc     0x0000cd04      0x353 ./SDK/rtos/osif/osif_baremetal.o
 .debug_loc     0x0000d057      0x2ef ./Sources/main.o

.debug_ranges   0x00000000      0xaa0
 .debug_ranges  0x00000000       0x20 ./SDK/platform/devices/S32K144/startup/system_S32K144.o
 .debug_ranges  0x00000020       0x10 ./SDK/platform/devices/startup.o
 .debug_ranges  0x00000030      0x358 ./SDK/platform/drivers/src/clock/S32K1xx/clock_S32K1xx.o
 .debug_ranges  0x00000388      0x190 ./SDK/platform/drivers/src/edma/edma_driver.o
 .debug_ranges  0x00000518       0x90 ./SDK/platform/drivers/src/edma/edma_hw_access.o
 .debug_ranges  0x000005a8       0x90 ./SDK/platform/drivers/src/edma/edma_irq.o
 .debug_ranges  0x00000638       0x98 ./SDK/platform/drivers/src/interrupt/interrupt_manager.o
 .debug_ranges  0x000006d0      0x180 ./SDK/platform/drivers/src/lpuart/lpuart_driver.o
 .debug_ranges  0x00000850       0x68 ./SDK/platform/drivers/src/lpuart/lpuart_hw_access.o
 .debug_ranges  0x000008b8       0x20 ./SDK/platform/drivers/src/lpuart/lpuart_irq.o
 .debug_ranges  0x000008d8       0xd0 ./SDK/platform/drivers/src/pins/pins_driver.o
 .debug_ranges  0x000009a8       0x48 ./SDK/platform/drivers/src/pins/pins_port_hw_access.o
 .debug_ranges  0x000009f0       0x98 ./SDK/rtos/osif/osif_baremetal.o
 .debug_ranges  0x00000a88       0x18 ./Sources/main.o

.debug_frame    0x00000000     0x144c
 .debug_frame   0x00000000       0x40 ./SDK/platform/devices/S32K144/startup/system_S32K144.o
 .debug_frame   0x00000040       0x2c ./SDK/platform/devices/startup.o
 .debug_frame   0x0000006c      0x384 ./SDK/platform/drivers/src/clock/S32K1xx/clock_S32K1xx.o
 .debug_frame   0x000003f0      0x398 ./SDK/platform/drivers/src/edma/edma_driver.o
 .debug_frame   0x00000788      0x140 ./SDK/platform/drivers/src/edma/edma_hw_access.o
 .debug_frame   0x000008c8      0x1ac ./SDK/platform/drivers/src/edma/edma_irq.o
 .debug_frame   0x00000a74       0xd8 ./SDK/platform/drivers/src/interrupt/interrupt_manager.o
 .debug_frame   0x00000b4c      0x3ac ./SDK/platform/drivers/src/lpuart/lpuart_driver.o
 .debug_frame   0x00000ef8      0x100 ./SDK/platform/drivers/src/lpuart/lpuart_hw_access.o
 .debug_frame   0x00000ff8       0x58 ./SDK/platform/drivers/src/lpuart/lpuart_irq.o
 .debug_frame   0x00001050      0x1e4 ./SDK/platform/drivers/src/pins/pins_driver.o
 .debug_frame   0x00001234       0xa0 ./SDK/platform/drivers/src/pins/pins_port_hw_access.o
 .debug_frame   0x000012d4       0xf4 ./SDK/rtos/osif/osif_baremetal.o
 .debug_frame   0x000013c8       0x54 ./Sources/main.o
 .debug_frame   0x0000141c       0x30 D:/S32K144/S32DS_ARM_v2.2/S32DS/build_tools/gcc_v6.3/gcc-6.3-arm32-eabi/arm-none-eabi/newlib/lib/thumb/v7e-m/fpv4-sp/hard\libc_nano.a(lib_a-strstr.o)
