13:37:02 **** Incremental Build of configuration Debug_FLASH for project OBD2_KIT1 ****
make -j12 all 
Building file: ../Sources/main.c
Building file: ../Generated_Code/Cpu.c
Invoking: Standard S32DS C Compiler
arm-none-eabi-gcc "@Sources/main.args" -MMD -MP -MF"Sources/main.d" -MT"Sources/main.o" -o "Sources/main.o" "../Sources/main.c"
Building file: ../Generated_Code/canCom1.c
Invoking: Standard S32DS C Compiler
arm-none-eabi-gcc "@Generated_Code/Cpu.args" -MMD -MP -MF"Generated_Code/Cpu.d" -MT"Generated_Code/Cpu.o" -o "Generated_Code/Cpu.o" "../Generated_Code/Cpu.c"
Invoking: Standard S32DS C Compiler
arm-none-eabi-gcc "@Generated_Code/Cpu.args" -MMD -MP -MF"Generated_Code/canCom1.d" -MT"Generated_Code/canCom1.o" -o "Generated_Code/canCom1.o" "../Generated_Code/canCom1.c"
Building file: ../Generated_Code/clockMan1.c
Building file: ../Generated_Code/dmaController1.c
Invoking: Standard S32DS C Compiler
arm-none-eabi-gcc "@Generated_Code/Cpu.args" -MMD -MP -MF"Generated_Code/clockMan1.d" -MT"Generated_Code/clockMan1.o" -o "Generated_Code/clockMan1.o" "../Generated_Code/clockMan1.c"
Building file: ../Generated_Code/lin_cfg.c
Invoking: Standard S32DS C Compiler
arm-none-eabi-gcc "@Generated_Code/Cpu.args" -MMD -MP -MF"Generated_Code/dmaController1.d" -MT"Generated_Code/dmaController1.o" -o "Generated_Code/dmaController1.o" "../Generated_Code/dmaController1.c"
Invoking: Standard S32DS C Compiler
arm-none-eabi-gcc "@Generated_Code/Cpu.args" -MMD -MP -MF"Generated_Code/lin_cfg.d" -MT"Generated_Code/lin_cfg.o" -o "Generated_Code/lin_cfg.o" "../Generated_Code/lin_cfg.c"
Building file: ../Generated_Code/lpuart1.c
Invoking: Standard S32DS C Compiler
arm-none-eabi-gcc "@Generated_Code/Cpu.args" -MMD -MP -MF"Generated_Code/lpuart1.d" -MT"Generated_Code/lpuart1.o" -o "Generated_Code/lpuart1.o" "../Generated_Code/lpuart1.c"
Finished building: ../Generated_Code/Cpu.c
Finished building: ../Generated_Code/canCom1.c
Finished building: ../Sources/main.c
 
 
 
Finished building: ../Generated_Code/clockMan1.c
 
Finished building: ../Generated_Code/dmaController1.c
Finished building: ../Generated_Code/lin_cfg.c
 
 
Finished building: ../Generated_Code/lpuart1.c
 
Building target: OBD2_KIT1.elf
Invoking: Standard S32DS C Linker
arm-none-eabi-gcc -o "OBD2_KIT1.elf" "@OBD2_KIT1.args"   
Finished building target: OBD2_KIT1.elf
 
Invoking: Standard S32DS Print Size
arm-none-eabi-size --format=berkeley OBD2_KIT1.elf
   text	   data	    bss	    dec	    hex	filename
  13164	    500	   3272	  16936	   4228	OBD2_KIT1.elf
Finished building: OBD2_KIT1.siz
 

13:37:03 Build Finished (took 880ms)

