Archive member included to satisfy reference by file (symbol)

D:/S32/S32_2.2/S32DS/build_tools/gcc_v6.3/gcc-6.3-arm32-eabi/arm-none-eabi/newlib/lib/thumb/v7e-m/fpv4-sp/hard\libc_nano.a(lib_a-exit.o)
                              D:/S32/S32_2.2/S32DS/build_tools/gcc_v6.3/gcc-6.3-arm32-eabi/arm-none-eabi/newlib/lib/thumb/v7e-m/fpv4-sp/hard/crt0.o (exit)
D:/S32/S32_2.2/S32DS/build_tools/gcc_v6.3/gcc-6.3-arm32-eabi/arm-none-eabi/newlib/lib/thumb/v7e-m/fpv4-sp/hard\libc_nano.a(lib_a-impure.o)
                              D:/S32/S32_2.2/S32DS/build_tools/gcc_v6.3/gcc-6.3-arm32-eabi/arm-none-eabi/newlib/lib/thumb/v7e-m/fpv4-sp/hard\libc_nano.a(lib_a-exit.o) (_global_impure_ptr)
D:/S32/S32_2.2/S32DS/build_tools/gcc_v6.3/gcc-6.3-arm32-eabi/arm-none-eabi/newlib/lib/thumb/v7e-m/fpv4-sp/hard\libc_nano.a(lib_a-init.o)
                              D:/S32/S32_2.2/S32DS/build_tools/gcc_v6.3/gcc-6.3-arm32-eabi/arm-none-eabi/newlib/lib/thumb/v7e-m/fpv4-sp/hard/crt0.o (__libc_init_array)
D:/S32/S32_2.2/S32DS/build_tools/gcc_v6.3/gcc-6.3-arm32-eabi/arm-none-eabi/newlib/lib/thumb/v7e-m/fpv4-sp/hard\libc_nano.a(lib_a-memset.o)
                              D:/S32/S32_2.2/S32DS/build_tools/gcc_v6.3/gcc-6.3-arm32-eabi/arm-none-eabi/newlib/lib/thumb/v7e-m/fpv4-sp/hard/crt0.o (memset)
D:/S32/S32_2.2/S32DS/build_tools/gcc_v6.3/gcc-6.3-arm32-eabi/arm-none-eabi/newlib/lib/thumb/v7e-m/fpv4-sp/hard\libnosys.a(_exit.o)
                              D:/S32/S32_2.2/S32DS/build_tools/gcc_v6.3/gcc-6.3-arm32-eabi/arm-none-eabi/newlib/lib/thumb/v7e-m/fpv4-sp/hard\libc_nano.a(lib_a-exit.o) (_exit)

Allocating common symbols
Common symbol       size              file

g_xtal0ClkFreq      0x4               ./SDK/platform/drivers/src/clock/S32K1xx/clock_S32K1xx.o
canCom1_State       0x114             ./Generated_Code/canCom1.o
csec1_State         0x40              ./Generated_Code/csec1.o
g_RtcClkInFreq      0x4               ./SDK/platform/drivers/src/clock/S32K1xx/clock_S32K1xx.o
g_TClkFreq          0xc               ./SDK/platform/drivers/src/clock/S32K1xx/clock_S32K1xx.o
dmaController1_State
                    0x40              ./Generated_Code/dmaController1.o
dmaController1Chn0_State
                    0x10              ./Generated_Code/dmaController1.o

Discarded input sections

 .text          0x00000000        0x0 d:/s32/s32_2.2/s32ds/build_tools/gcc_v6.3/gcc-6.3-arm32-eabi/bin/../lib/gcc/arm-none-eabi/6.3.1/thumb/v7e-m/fpv4-sp/hard/crti.o
 .data          0x00000000        0x0 d:/s32/s32_2.2/s32ds/build_tools/gcc_v6.3/gcc-6.3-arm32-eabi/bin/../lib/gcc/arm-none-eabi/6.3.1/thumb/v7e-m/fpv4-sp/hard/crti.o
 .bss           0x00000000        0x0 d:/s32/s32_2.2/s32ds/build_tools/gcc_v6.3/gcc-6.3-arm32-eabi/bin/../lib/gcc/arm-none-eabi/6.3.1/thumb/v7e-m/fpv4-sp/hard/crti.o
 .text          0x00000000       0xa4 d:/s32/s32_2.2/s32ds/build_tools/gcc_v6.3/gcc-6.3-arm32-eabi/bin/../lib/gcc/arm-none-eabi/6.3.1/thumb/v7e-m/fpv4-sp/hard/crtbegin.o
 .data          0x00000000        0x4 d:/s32/s32_2.2/s32ds/build_tools/gcc_v6.3/gcc-6.3-arm32-eabi/bin/../lib/gcc/arm-none-eabi/6.3.1/thumb/v7e-m/fpv4-sp/hard/crtbegin.o
 .bss           0x00000000       0x1c d:/s32/s32_2.2/s32ds/build_tools/gcc_v6.3/gcc-6.3-arm32-eabi/bin/../lib/gcc/arm-none-eabi/6.3.1/thumb/v7e-m/fpv4-sp/hard/crtbegin.o
 .init_array    0x00000000        0x4 d:/s32/s32_2.2/s32ds/build_tools/gcc_v6.3/gcc-6.3-arm32-eabi/bin/../lib/gcc/arm-none-eabi/6.3.1/thumb/v7e-m/fpv4-sp/hard/crtbegin.o
 .fini_array    0x00000000        0x4 d:/s32/s32_2.2/s32ds/build_tools/gcc_v6.3/gcc-6.3-arm32-eabi/bin/../lib/gcc/arm-none-eabi/6.3.1/thumb/v7e-m/fpv4-sp/hard/crtbegin.o
 .eh_frame      0x00000000        0x0 d:/s32/s32_2.2/s32ds/build_tools/gcc_v6.3/gcc-6.3-arm32-eabi/bin/../lib/gcc/arm-none-eabi/6.3.1/thumb/v7e-m/fpv4-sp/hard/crtbegin.o
 .jcr           0x00000000        0x0 d:/s32/s32_2.2/s32ds/build_tools/gcc_v6.3/gcc-6.3-arm32-eabi/bin/../lib/gcc/arm-none-eabi/6.3.1/thumb/v7e-m/fpv4-sp/hard/crtbegin.o
 .tm_clone_table
                0x00000000        0x0 d:/s32/s32_2.2/s32ds/build_tools/gcc_v6.3/gcc-6.3-arm32-eabi/bin/../lib/gcc/arm-none-eabi/6.3.1/thumb/v7e-m/fpv4-sp/hard/crtbegin.o
 .comment       0x00000000       0xa1 d:/s32/s32_2.2/s32ds/build_tools/gcc_v6.3/gcc-6.3-arm32-eabi/bin/../lib/gcc/arm-none-eabi/6.3.1/thumb/v7e-m/fpv4-sp/hard/crtbegin.o
 .ARM.attributes
                0x00000000       0x34 d:/s32/s32_2.2/s32ds/build_tools/gcc_v6.3/gcc-6.3-arm32-eabi/bin/../lib/gcc/arm-none-eabi/6.3.1/thumb/v7e-m/fpv4-sp/hard/crtbegin.o
 .text          0x00000000       0x74 D:/S32/S32_2.2/S32DS/build_tools/gcc_v6.3/gcc-6.3-arm32-eabi/arm-none-eabi/newlib/lib/thumb/v7e-m/fpv4-sp/hard/crt0.o
 .data          0x00000000        0x0 D:/S32/S32_2.2/S32DS/build_tools/gcc_v6.3/gcc-6.3-arm32-eabi/arm-none-eabi/newlib/lib/thumb/v7e-m/fpv4-sp/hard/crt0.o
 .bss           0x00000000        0x0 D:/S32/S32_2.2/S32DS/build_tools/gcc_v6.3/gcc-6.3-arm32-eabi/arm-none-eabi/newlib/lib/thumb/v7e-m/fpv4-sp/hard/crt0.o
[...]
Memory Configuration

Name             Origin             Length             Attributes
m_interrupts     0x00000000         0x00000400         xr
m_flash_config   0x00000400         0x00000010         xr
m_text           0x00000410         0x0007fbf0         xr
m_data           0x1fff8000         0x00008000         rw
m_data_2         0x20000000         0x00007000         rw
*default*        0x00000000         0xffffffff

Linker script and memory map

LOAD d:/s32/s32_2.2/s32ds/build_tools/gcc_v6.3/gcc-6.3-arm32-eabi/bin/../lib/gcc/arm-none-eabi/6.3.1/thumb/v7e-m/fpv4-sp/hard/crti.o
LOAD d:/s32/s32_2.2/s32ds/build_tools/gcc_v6.3/gcc-6.3-arm32-eabi/bin/../lib/gcc/arm-none-eabi/6.3.1/thumb/v7e-m/fpv4-sp/hard/crtbegin.o
LOAD D:/S32/S32_2.2/S32DS/build_tools/gcc_v6.3/gcc-6.3-arm32-eabi/arm-none-eabi/newlib/lib/thumb/v7e-m/fpv4-sp/hard/crt0.o
LOAD ./Generated_Code/Cpu.o
LOAD ./Generated_Code/canCom1.o
LOAD ./Generated_Code/clockMan1.o
LOAD ./Generated_Code/csec1.o
LOAD ./Generated_Code/dmaController1.o
LOAD ./Generated_Code/pin_mux.o
LOAD ./Project_Settings/Startup_Code/startup_S32K144.o
LOAD ./SDK/platform/devices/S32K144/startup/system_S32K144.o
LOAD ./SDK/platform/devices/startup.o
LOAD ./SDK/platform/drivers/src/clock/S32K1xx/clock_S32K1xx.o
LOAD ./SDK/platform/drivers/src/csec/csec_driver.o
LOAD ./SDK/platform/drivers/src/csec/csec_hw_access.o
LOAD ./SDK/platform/drivers/src/edma/edma_driver.o
LOAD ./SDK/platform/drivers/src/edma/edma_hw_access.o
LOAD ./SDK/platform/drivers/src/edma/edma_irq.o
LOAD ./SDK/platform/drivers/src/flexcan/flexcan_driver.o
LOAD ./SDK/platform/drivers/src/flexcan/flexcan_hw_access.o
LOAD ./SDK/platform/drivers/src/flexcan/flexcan_irq.o
LOAD ./SDK/platform/drivers/src/interrupt/interrupt_manager.o
LOAD ./SDK/platform/drivers/src/pins/pins_driver.o
LOAD ./SDK/platform/drivers/src/pins/pins_port_hw_access.o
LOAD ./SDK/rtos/osif/osif_baremetal.o
LOAD ./Sources/main.o
START GROUP
LOAD d:/s32/s32_2.2/s32ds/build_tools/gcc_v6.3/gcc-6.3-arm32-eabi/bin/../lib/gcc/arm-none-eabi/6.3.1/thumb/v7e-m/fpv4-sp/hard\libgcc.a
LOAD D:/S32/S32_2.2/S32DS/build_tools/gcc_v6.3/gcc-6.3-arm32-eabi/arm-none-eabi/newlib/lib/thumb/v7e-m/fpv4-sp/hard\libc_nano.a
END GROUP
START GROUP
LOAD d:/s32/s32_2.2/s32ds/build_tools/gcc_v6.3/gcc-6.3-arm32-eabi/bin/../lib/gcc/arm-none-eabi/6.3.1/thumb/v7e-m/fpv4-sp/hard\libgcc.a
LOAD D:/S32/S32_2.2/S32DS/build_tools/gcc_v6.3/gcc-6.3-arm32-eabi/arm-none-eabi/newlib/lib/thumb/v7e-m/fpv4-sp/hard\libc_nano.a
LOAD D:/S32/S32_2.2/S32DS/build_tools/gcc_v6.3/gcc-6.3-arm32-eabi/arm-none-eabi/newlib/lib/thumb/v7e-m/fpv4-sp/hard\libnosys.a
END GROUP
START GROUP
LOAD d:/s32/s32_2.2/s32ds/build_tools/gcc_v6.3/gcc-6.3-arm32-eabi/bin/../lib/gcc/arm-none-eabi/6.3.1/thumb/v7e-m/fpv4-sp/hard\libgcc.a
LOAD D:/S32/S32_2.2/S32DS/build_tools/gcc_v6.3/gcc-6.3-arm32-eabi/arm-none-eabi/newlib/lib/thumb/v7e-m/fpv4-sp/hard\libc_nano.a
LOAD D:/S32/S32_2.2/S32DS/build_tools/gcc_v6.3/gcc-6.3-arm32-eabi/arm-none-eabi/newlib/lib/thumb/v7e-m/fpv4-sp/hard\libnosys.a
END GROUP
LOAD d:/s32/s32_2.2/s32ds/build_tools/gcc_v6.3/gcc-6.3-arm32-eabi/bin/../lib/gcc/arm-none-eabi/6.3.1/thumb/v7e-m/fpv4-sp/hard/crtend.o
LOAD d:/s32/s32_2.2/s32ds/build_tools/gcc_v6.3/gcc-6.3-arm32-eabi/bin/../lib/gcc/arm-none-eabi/6.3.1/thumb/v7e-m/fpv4-sp/hard/crtn.o
                0x00000400                HEAP_SIZE = DEFINED (__heap_size__)?__heap_size__:0x400
                0x00000400                STACK_SIZE = DEFINED (__stack_size__)?__stack_size__:0x400
                0x00000400                M_VECTOR_RAM_SIZE = DEFINED (__flash_vector_table__)?0x0:0x400

.interrupts     0x00000000      0x400
                0x00000000                __VECTOR_TABLE = .
                0x00000000                __interrupts_start__ = .
                0x00000000                . = ALIGN (0x4)
 *(.isr_vector)
 .isr_vector    0x00000000      0x400 ./Project_Settings/Startup_Code/startup_S32K144.o
                0x00000000                __isr_vector
                0x00000400                __interrupts_end__ = .
                0x00000400                . = ALIGN (0x4)

.flash_config   0x00000400       0x10
                0x00000400                . = ALIGN (0x4)
 *(.FlashConfig)
 .FlashConfig   0x00000400       0x10 ./Project_Settings/Startup_Code/startup_S32K144.o
                0x00000410                . = ALIGN (0x4)

.text           0x00000410     0x37b4
                0x00000410                . = ALIGN (0x4)
 *(.text)
 .text          0x00000410       0x6c ./Project_Settings/Startup_Code/startup_S32K144.o
                0x00000410                Reset_Handler
                0x00000478                DebugMon_Handler
                0x00000478                Reserved88_IRQHandler
                0x00000478                HardFault_Handler
                0x00000478                Reserved86_IRQHandler
                0x00000478                Reserved103_IRQHandler
                0x00000478                FTM2_Ovf_Reload_IRQHandler
                0x00000478                Reserved50_IRQHandler
                0x00000478                FTFC_Fault_IRQHandler
                0x00000478                FTM0_Ch6_Ch7_IRQHandler
                0x00000478                Reserved114_IRQHandler
                0x00000478                PendSV_Handler
                0x00000478                NMI_Handler
                0x00000478                Reserved89_IRQHandler
                0x00000478                ERM_double_fault_IRQHandler
                0x00000478                Reserved59_IRQHandler
                0x00000478                LPIT0_Ch0_IRQHandler
                0x00000478                Reserved99_IRQHandler
                0x00000478                FTM3_Ch6_Ch7_IRQHandler
                0x00000478                LPIT0_Ch3_IRQHandler
                0x00000478                Reserved92_IRQHandler
                0x00000478                FTM0_Ch4_Ch5_IRQHandler
                0x00000478                FTM3_Ch0_Ch1_IRQHandler
                0x00000478                SWI_IRQHandler
                0x00000478                ADC0_IRQHandler
                0x00000478                FTM2_Ch4_Ch5_IRQHandler
                0x00000478                UsageFault_Handler
                0x00000478                FTM0_Ovf_Reload_IRQHandler
                0x00000478                DefaultISR
                0x00000478                Reserved58_IRQHandler
                0x00000478                FTM1_Ch2_Ch3_IRQHandler
                0x00000478                Reserved82_IRQHandler
                0x00000478                LPI2C0_Slave_IRQHandler
                0x00000478                Reserved71_IRQHandler
                0x00000478                PORTD_IRQHandler
                0x00000478                Reserved69_IRQHandler
                0x00000478                PORTB_IRQHandler
                0x00000478                Reserved70_IRQHandler
                0x00000478                ADC1_IRQHandler
                0x00000478                FTM2_Ch2_Ch3_IRQHandler
                0x00000478                Reserved53_IRQHandler
                0x00000478                RTC_IRQHandler
                0x00000478                PDB0_IRQHandler
                0x00000478                Reserved54_IRQHandler
                0x00000478                FTM2_Ch6_Ch7_IRQHandler
                0x00000478                FTM3_Ch2_Ch3_IRQHandler
                0x00000478                FTM2_Ch0_Ch1_IRQHandler
                0x00000478                LPSPI1_IRQHandler
                0x00000478                LPUART1_RxTx_IRQHandler
                0x00000478                RTC_Seconds_IRQHandler
                0x00000478                Reserved72_IRQHandler
                0x00000478                Reserved110_IRQHandler
                0x00000478                Reserved107_IRQHandler
                0x00000478                Read_Collision_IRQHandler
                0x00000478                FTM1_Ch6_Ch7_IRQHandler
                0x00000478                Reserved105_IRQHandler
                0x00000478                LPIT0_Ch1_IRQHandler
                0x00000478                FTM1_Ch4_Ch5_IRQHandler
                0x00000478                FTM3_Ovf_Reload_IRQHandler
                0x00000478                LPUART2_RxTx_IRQHandler
                0x00000478                LPSPI0_IRQHandler
                0x00000478                WDOG_EWM_IRQHandler
                0x00000478                MemManage_Handler
                0x00000478                Reserved90_IRQHandler
                0x00000478                Reserved83_IRQHandler
                0x00000478                FTM0_Fault_IRQHandler
                0x00000478                Reserved48_IRQHandler
                0x00000478                SVC_Handler
                0x00000478                ERM_single_fault_IRQHandler
                0x00000478                FTM2_Fault_IRQHandler
                0x00000478                FTM0_Ch2_Ch3_IRQHandler
                0x00000478                FTM0_Ch0_Ch1_IRQHandler
                0x00000478                FTM3_Fault_IRQHandler
                0x00000478                RCM_IRQHandler
                0x00000478                Reserved100_IRQHandler
                0x00000478                Reserved91_IRQHandler
                0x00000478                SCG_IRQHandler
                0x00000478                PDB1_IRQHandler
                0x00000478                Reserved81_IRQHandler
                0x00000478                Reserved46_IRQHandler
                0x00000478                Reserved45_IRQHandler
                0x00000478                Reserved112_IRQHandler
                0x00000478                LPI2C0_Master_IRQHandler
                0x00000478                FTM1_Fault_IRQHandler
                0x00000478                Reserved106_IRQHandler
                0x00000478                LVD_LVW_IRQHandler
                0x00000478                LPIT0_Ch2_IRQHandler
                0x00000478                PORTA_IRQHandler
                0x00000478                MCM_IRQHandler
                0x00000478                LPSPI2_IRQHandler
                0x00000478                FTM3_Ch4_Ch5_IRQHandler
                0x00000478                PORTE_IRQHandler
                0x00000478                LPUART0_RxTx_IRQHandler
                0x00000478                LPTMR0_IRQHandler
                0x00000478                BusFault_Handler
                0x00000478                Reserved87_IRQHandler
                0x00000478                FTM1_Ovf_Reload_IRQHandler
                0x00000478                Reserved93_IRQHandler
                0x00000478                CMP0_IRQHandler
                0x00000478                Reserved52_IRQHandler
                0x00000478                PORTC_IRQHandler
                0x00000478                FTM1_Ch0_Ch1_IRQHandler
                0x00000478                FLEXIO_IRQHandler
                0x00000478                Reserved113_IRQHandler
 *(.text*)
 .text.SystemInit
                0x0000047c       0x3c ./SDK/platform/devices/S32K144/startup/system_S32K144.o
                0x0000047c                SystemInit
 .text.init_data_bss
                0x000004b8       0xd8 ./SDK/platform/devices/startup.o
                0x000004b8                init_data_bss
 .text.CLOCK_SYS_GetCurrentRunMode
                0x00000590       0x24 ./SDK/platform/drivers/src/clock/S32K1xx/clock_S32K1xx.o
 .text.CLOCK_SYS_GetSysOscFreq
                0x000005b4       0x1c ./SDK/platform/drivers/src/clock/S32K1xx/clock_S32K1xx.o
 .text.CLOCK_SYS_ConfigureSOSC
                0x000005d0      0x12c ./SDK/platform/drivers/src/clock/S32K1xx/clock_S32K1xx.o
 .text.CLOCK_SYS_GetSircFreq
                0x000006fc       0x2c ./SDK/platform/drivers/src/clock/S32K1xx/clock_S32K1xx.o
 .text.CLOCK_SYS_ConfigureSIRC
                0x00000728       0xc4 ./SDK/platform/drivers/src/clock/S32K1xx/clock_S32K1xx.o
 .text.CLOCK_SYS_GetFircFreq
                0x000007ec       0x20 ./SDK/platform/drivers/src/clock/S32K1xx/clock_S32K1xx.o
 .text.CLOCK_SYS_ConfigureFIRC
                0x0000080c       0xb4 ./SDK/platform/drivers/src/clock/S32K1xx/clock_S32K1xx.o
 .text.CLOCK_SYS_GetSysPllFreq
                0x000008c0       0x44 ./SDK/platform/drivers/src/clock/S32K1xx/clock_S32K1xx.o
 .text.CLOCK_SYS_ConfigureSPLL
                0x00000904      0x12c ./SDK/platform/drivers/src/clock/S32K1xx/clock_S32K1xx.o
 .text.CLOCK_SYS_SetSystemClockConfig
                0x00000a30      0x204 ./SDK/platform/drivers/src/clock/S32K1xx/clock_S32K1xx.o
 .text.CLOCK_SYS_TransitionSystemClock
                0x00000c34       0x54 ./SDK/platform/drivers/src/clock/S32K1xx/clock_S32K1xx.o
 .text.CLOCK_SYS_GetSystemClockFreq
                0x00000c88       0x80 ./SDK/platform/drivers/src/clock/S32K1xx/clock_S32K1xx.o
 .text.CLOCK_SYS_GetScgClkOutFreq
                0x00000d08       0x44 ./SDK/platform/drivers/src/clock/S32K1xx/clock_S32K1xx.o
 .text.CLOCK_SYS_GetSysAsyncFreq
                0x00000d4c       0xc0 ./SDK/platform/drivers/src/clock/S32K1xx/clock_S32K1xx.o
 .text.CLOCK_SYS_GetSimRtcClkFreq
                0x00000e0c       0x50 ./SDK/platform/drivers/src/clock/S32K1xx/clock_S32K1xx.o
 .text.CLOCK_SYS_GetPeripheralClock
                0x00000e5c       0x78 ./SDK/platform/drivers/src/clock/S32K1xx/clock_S32K1xx.o
 .text.CLOCK_SYS_GetLpoFreq
                0x00000ed4       0x4c ./SDK/platform/drivers/src/clock/S32K1xx/clock_S32K1xx.o
 .text.CLOCK_SYS_GetSimClkOutFreq
                0x00000f20       0x98 ./SDK/platform/drivers/src/clock/S32K1xx/clock_S32K1xx.o
 .text.CLOCK_DRV_Init
                0x00000fb8      0x590 ./SDK/platform/drivers/src/clock/S32K1xx/clock_S32K1xx.o
                0x00000fb8                CLOCK_DRV_Init
 .text.CLOCK_DRV_GetFreq
                0x00001548      0x370 ./SDK/platform/drivers/src/clock/S32K1xx/clock_S32K1xx.o
                0x00001548                CLOCK_DRV_GetFreq
 .text.CLOCK_SYS_Init
                0x000018b8       0x28 ./SDK/platform/drivers/src/clock/S32K1xx/clock_S32K1xx.o
                0x000018b8                CLOCK_SYS_Init
 .text.CLOCK_SYS_UpdateConfiguration
                0x000018e0       0xf4 ./SDK/platform/drivers/src/clock/S32K1xx/clock_S32K1xx.o
                0x000018e0                CLOCK_SYS_UpdateConfiguration
 .text.CLOCK_SYS_GetFreq
                0x000019d4        0x8 ./SDK/platform/drivers/src/clock/S32K1xx/clock_S32K1xx.o
                0x000019d4                CLOCK_SYS_GetFreq
 .text.CSEC_DRV_StartEncDecECBCmd
                0x000019dc       0x50 ./SDK/platform/drivers/src/csec/csec_driver.o
 .text.CSEC_DRV_StartEncDecCBCCmd
                0x00001a2c       0x88 ./SDK/platform/drivers/src/csec/csec_driver.o
 .text.CSEC_DRV_StartGenMACCmd
                0x00001ab4       0x54 ./SDK/platform/drivers/src/csec/csec_driver.o
 .text.CSEC_DRV_StartVerifMACCmd
                0x00001b08       0x8c ./SDK/platform/drivers/src/csec/csec_driver.o
 .text.CSEC_DRV_ContinueGenMACCmd
                0x00001b94       0xc8 ./SDK/platform/drivers/src/csec/csec_driver.o
 .text.CSEC_DRV_ContinueEncDecECBCmd
                0x00001c5c       0xc4 ./SDK/platform/drivers/src/csec/csec_driver.o
 .text.CSEC_DRV_ContinueVerifMACCmd
                0x00001d20       0xd0 ./SDK/platform/drivers/src/csec/csec_driver.o
 .text.CSEC_DRV_ContinueEncDecCBCCmd
                0x00001df0       0xe4 ./SDK/platform/drivers/src/csec/csec_driver.o
 .text.CSEC_DRV_Init
                0x00001ed4       0x24 ./SDK/platform/drivers/src/csec/csec_driver.o
                0x00001ed4                CSEC_DRV_Init
 .text.FTFC_IRQHandler
                0x00001ef8       0x70 ./SDK/platform/drivers/src/csec/csec_driver.o
                0x00001ef8                FTFC_IRQHandler
 .text.CSEC_WriteCommandHalfWord
                0x00001f68       0x26 ./SDK/platform/drivers/src/csec/csec_hw_access.o
                0x00001f68                CSEC_WriteCommandHalfWord
 *fill*         0x00001f8e        0x2 
 .text.CSEC_WriteCommandByte
                0x00001f90       0x50 ./SDK/platform/drivers/src/csec/csec_hw_access.o
                0x00001f90                CSEC_WriteCommandByte
 .text.CSEC_WriteCommandBytes
                0x00001fe0       0x74 ./SDK/platform/drivers/src/csec/csec_hw_access.o
                0x00001fe0                CSEC_WriteCommandBytes
 .text.CSEC_WriteCommandWords
                0x00002054       0x34 ./SDK/platform/drivers/src/csec/csec_hw_access.o
                0x00002054                CSEC_WriteCommandWords
 .text.CSEC_ReadCommandByte
                0x00002088       0x5c ./SDK/platform/drivers/src/csec/csec_hw_access.o
                0x00002088                CSEC_ReadCommandByte
 .text.CSEC_ReadCommandBytes
                0x000020e4       0x78 ./SDK/platform/drivers/src/csec/csec_hw_access.o
                0x000020e4                CSEC_ReadCommandBytes
 .text.EDMA_DRV_ClearIntStatus
                0x0000215c       0x20 ./SDK/platform/drivers/src/edma/edma_driver.o
 .text.EDMA_DRV_IRQHandler
                0x0000217c       0x20 ./SDK/platform/drivers/src/edma/edma_driver.o
                0x0000217c                EDMA_DRV_IRQHandler
 .text.EDMA_DRV_ErrorIRQHandler
                0x0000219c       0x40 ./SDK/platform/drivers/src/edma/edma_driver.o
                0x0000219c                EDMA_DRV_ErrorIRQHandler
 .text.EDMA_DRV_StopChannel
                0x000021dc       0x38 ./SDK/platform/drivers/src/edma/edma_driver.o
                0x000021dc                EDMA_DRV_StopChannel
 .text.EDMA_DRV_GetDmaRegBaseAddr
                0x00002214       0x10 ./SDK/platform/drivers/src/edma/edma_driver.o
                0x00002214                EDMA_DRV_GetDmaRegBaseAddr
 .text.EDMA_SetDmaRequestCmd
                0x00002224        0xa ./SDK/platform/drivers/src/edma/edma_hw_access.o
                0x00002224                EDMA_SetDmaRequestCmd
 .text.DMA0_IRQHandler
                0x0000222e        0xa ./SDK/platform/drivers/src/edma/edma_irq.o
                0x0000222e                DMA0_IRQHandler
 .text.DMA1_IRQHandler
                0x00002238        0xa ./SDK/platform/drivers/src/edma/edma_irq.o
                0x00002238                DMA1_IRQHandler
 .text.DMA2_IRQHandler
                0x00002242        0xa ./SDK/platform/drivers/src/edma/edma_irq.o
                0x00002242                DMA2_IRQHandler
 .text.DMA3_IRQHandler
                0x0000224c        0xa ./SDK/platform/drivers/src/edma/edma_irq.o
                0x0000224c                DMA3_IRQHandler
 .text.DMA4_IRQHandler
                0x00002256        0xa ./SDK/platform/drivers/src/edma/edma_irq.o
                0x00002256                DMA4_IRQHandler
 .text.DMA5_IRQHandler
                0x00002260        0xa ./SDK/platform/drivers/src/edma/edma_irq.o
                0x00002260                DMA5_IRQHandler
 .text.DMA6_IRQHandler
                0x0000226a        0xa ./SDK/platform/drivers/src/edma/edma_irq.o
                0x0000226a                DMA6_IRQHandler
 .text.DMA7_IRQHandler
                0x00002274        0xa ./SDK/platform/drivers/src/edma/edma_irq.o
                0x00002274                DMA7_IRQHandler
 .text.DMA8_IRQHandler
                0x0000227e        0xa ./SDK/platform/drivers/src/edma/edma_irq.o
                0x0000227e                DMA8_IRQHandler
 .text.DMA9_IRQHandler
                0x00002288        0xa ./SDK/platform/drivers/src/edma/edma_irq.o
                0x00002288                DMA9_IRQHandler
 .text.DMA10_IRQHandler
                0x00002292        0xa ./SDK/platform/drivers/src/edma/edma_irq.o
                0x00002292                DMA10_IRQHandler
 .text.DMA11_IRQHandler
                0x0000229c        0xa ./SDK/platform/drivers/src/edma/edma_irq.o
                0x0000229c                DMA11_IRQHandler
 .text.DMA12_IRQHandler
                0x000022a6        0xa ./SDK/platform/drivers/src/edma/edma_irq.o
                0x000022a6                DMA12_IRQHandler
 .text.DMA13_IRQHandler
                0x000022b0        0xa ./SDK/platform/drivers/src/edma/edma_irq.o
                0x000022b0                DMA13_IRQHandler
 .text.DMA14_IRQHandler
                0x000022ba        0xa ./SDK/platform/drivers/src/edma/edma_irq.o
                0x000022ba                DMA14_IRQHandler
 .text.DMA15_IRQHandler
                0x000022c4        0xa ./SDK/platform/drivers/src/edma/edma_irq.o
                0x000022c4                DMA15_IRQHandler
 .text.DMA_Error_IRQHandler
                0x000022ce       0x28 ./SDK/platform/drivers/src/edma/edma_irq.o
                0x000022ce                DMA_Error_IRQHandler
 .text.FLEXCAN_SetTimeSegments
                0x000022f6       0x4c ./SDK/platform/drivers/src/flexcan/flexcan_driver.o
 *fill*         0x00002342        0x2 
 .text.FLEXCAN_SetExtendedTimeSegments
                0x00002344       0x50 ./SDK/platform/drivers/src/flexcan/flexcan_driver.o
 .text.FLEXCAN_SetFDTimeSegments
                0x00002394       0x5c ./SDK/platform/drivers/src/flexcan/flexcan_driver.o
 .text.FLEXCAN_StartSendData
                0x000023f0       0xb4 ./SDK/platform/drivers/src/flexcan/flexcan_driver.o
 .text.FLEXCAN_StartRxMessageBufferData
                0x000024a4       0x88 ./SDK/platform/drivers/src/flexcan/flexcan_driver.o
 .text.FLEXCAN_CompleteRxMessageFifoData
                0x0000252c       0xb0 ./SDK/platform/drivers/src/flexcan/flexcan_driver.o
 .text.FLEXCAN_CompleteTransfer
                0x000025dc       0x3c ./SDK/platform/drivers/src/flexcan/flexcan_driver.o
 .text.FLEXCAN_DRV_Init
                0x00002618      0x264 ./SDK/platform/drivers/src/flexcan/flexcan_driver.o
                0x00002618                FLEXCAN_DRV_Init
 .text.FLEXCAN_DRV_ConfigTxMb
                0x0000287c       0x4c ./SDK/platform/drivers/src/flexcan/flexcan_driver.o
                0x0000287c                FLEXCAN_DRV_ConfigTxMb
 .text.FLEXCAN_DRV_Send
                0x000028c8       0x44 ./SDK/platform/drivers/src/flexcan/flexcan_driver.o
                0x000028c8                FLEXCAN_DRV_Send
 .text.FLEXCAN_DRV_ConfigRxMb
                0x0000290c       0x78 ./SDK/platform/drivers/src/flexcan/flexcan_driver.o
                0x0000290c                FLEXCAN_DRV_ConfigRxMb
 .text.FLEXCAN_DRV_Receive
                0x00002984       0x12 ./SDK/platform/drivers/src/flexcan/flexcan_driver.o
                0x00002984                FLEXCAN_DRV_Receive
 *fill*         0x00002996        0x2 
 .text.FLEXCAN_Error_IRQHandler
                0x00002998       0x30 ./SDK/platform/drivers/src/flexcan/flexcan_driver.o
                0x00002998                FLEXCAN_Error_IRQHandler
 .text.FLEXCAN_WakeUpHandler
                0x000029c8       0x74 ./SDK/platform/drivers/src/flexcan/flexcan_driver.o
                0x000029c8                FLEXCAN_WakeUpHandler
 .text.FLEXCAN_IRQHandler
                0x00002a3c      0x1bc ./SDK/platform/drivers/src/flexcan/flexcan_driver.o
                0x00002a3c                FLEXCAN_IRQHandler
 .text.FLEXCAN_DRV_GetTransferStatus
                0x00002bf8       0x2c ./SDK/platform/drivers/src/flexcan/flexcan_driver.o
                0x00002bf8                FLEXCAN_DRV_GetTransferStatus
 .text.FLEXCAN_ComputePayloadSize
                0x00002c24       0x36 ./SDK/platform/drivers/src/flexcan/flexcan_hw_access.o
 *fill*         0x00002c5a        0x2 
 .text.FLEXCAN_GetMaxMbNum
                0x00002c5c       0x2c ./SDK/platform/drivers/src/flexcan/flexcan_hw_access.o
                0x00002c5c                FLEXCAN_GetMaxMbNum
 .text.FLEXCAN_Enable
                0x00002c88       0x2a ./SDK/platform/drivers/src/flexcan/flexcan_hw_access.o
                0x00002c88                FLEXCAN_Enable
 .text.FLEXCAN_Disable
                0x00002cb2       0x18 ./SDK/platform/drivers/src/flexcan/flexcan_hw_access.o
                0x00002cb2                FLEXCAN_Disable
 *fill*         0x00002cca        0x2 
 .text.FLEXCAN_Init
                0x00002ccc       0x68 ./SDK/platform/drivers/src/flexcan/flexcan_hw_access.o
                0x00002ccc                FLEXCAN_Init
 .text.FLEXCAN_EnableRxFifo
                0x00002d34       0x54 ./SDK/platform/drivers/src/flexcan/flexcan_hw_access.o
                0x00002d34                FLEXCAN_EnableRxFifo
 .text.FLEXCAN_SetMsgBuffIntCmd
                0x00002d88       0x3c ./SDK/platform/drivers/src/flexcan/flexcan_hw_access.o
                0x00002d88                FLEXCAN_SetMsgBuffIntCmd
 .text.FLEXCAN_ExitFreezeMode
                0x00002dc4       0x1a ./SDK/platform/drivers/src/flexcan/flexcan_hw_access.o
                0x00002dc4                FLEXCAN_ExitFreezeMode
 .text.FLEXCAN_EnterFreezeMode
                0x00002dde       0x40 ./SDK/platform/drivers/src/flexcan/flexcan_hw_access.o
                0x00002dde                FLEXCAN_EnterFreezeMode
 *fill*         0x00002e1e        0x2 
 .text.FLEXCAN_ClearErrIntStatusFlag
                0x00002e20       0x14 ./SDK/platform/drivers/src/flexcan/flexcan_hw_access.o
                0x00002e20                FLEXCAN_ClearErrIntStatusFlag
 .text.FLEXCAN_ReadRxFifo
                0x00002e34       0x58 ./SDK/platform/drivers/src/flexcan/flexcan_hw_access.o
                0x00002e34                FLEXCAN_ReadRxFifo
 .text.FLEXCAN_SetOperationMode
                0x00002e8c       0x5e ./SDK/platform/drivers/src/flexcan/flexcan_hw_access.o
                0x00002e8c                FLEXCAN_SetOperationMode
 .text.FLEXCAN_SetPayloadSize
                0x00002eea       0x30 ./SDK/platform/drivers/src/flexcan/flexcan_hw_access.o
                0x00002eea                FLEXCAN_SetPayloadSize
 .text.FLEXCAN_GetPayloadSize
                0x00002f1a       0x20 ./SDK/platform/drivers/src/flexcan/flexcan_hw_access.o
                0x00002f1a                FLEXCAN_GetPayloadSize
 .text.FLEXCAN_GetMsgBuffRegion
                0x00002f3a       0x30 ./SDK/platform/drivers/src/flexcan/flexcan_hw_access.o
                0x00002f3a                FLEXCAN_GetMsgBuffRegion
 *fill*         0x00002f6a        0x2 
 .text.FLEXCAN_SetRxMsgBuff
                0x00002f6c       0xcc ./SDK/platform/drivers/src/flexcan/flexcan_hw_access.o
                0x00002f6c                FLEXCAN_SetRxMsgBuff
 .text.FLEXCAN_GetMsgBuff
                0x00003038       0xaa ./SDK/platform/drivers/src/flexcan/flexcan_hw_access.o
                0x00003038                FLEXCAN_GetMsgBuff
 .text.FLEXCAN_LockRxMsgBuff
                0x000030e2        0xa ./SDK/platform/drivers/src/flexcan/flexcan_hw_access.o
                0x000030e2                FLEXCAN_LockRxMsgBuff
 .text.FLEXCAN_SetTxMsgBuff
                0x000030ec      0x198 ./SDK/platform/drivers/src/flexcan/flexcan_hw_access.o
                0x000030ec                FLEXCAN_SetTxMsgBuff
 .text.FLEXCAN_SetMaxMsgBuffNum
                0x00003284       0xaa ./SDK/platform/drivers/src/flexcan/flexcan_hw_access.o
                0x00003284                FLEXCAN_SetMaxMsgBuffNum
 .text.CAN0_ORed_IRQHandler
                0x0000332e        0xa ./SDK/platform/drivers/src/flexcan/flexcan_irq.o
                0x0000332e                CAN0_ORed_IRQHandler
 .text.CAN0_Error_IRQHandler
                0x00003338        0xa ./SDK/platform/drivers/src/flexcan/flexcan_irq.o
                0x00003338                CAN0_Error_IRQHandler
 .text.CAN0_Wake_Up_IRQHandler
                0x00003342        0xa ./SDK/platform/drivers/src/flexcan/flexcan_irq.o
                0x00003342                CAN0_Wake_Up_IRQHandler
 .text.CAN0_ORed_0_15_MB_IRQHandler
                0x0000334c        0xa ./SDK/platform/drivers/src/flexcan/flexcan_irq.o
                0x0000334c                CAN0_ORed_0_15_MB_IRQHandler
 .text.CAN0_ORed_16_31_MB_IRQHandler
                0x00003356        0xa ./SDK/platform/drivers/src/flexcan/flexcan_irq.o
                0x00003356                CAN0_ORed_16_31_MB_IRQHandler
 .text.CAN1_ORed_IRQHandler
                0x00003360        0xa ./SDK/platform/drivers/src/flexcan/flexcan_irq.o
                0x00003360                CAN1_ORed_IRQHandler
 .text.CAN1_Error_IRQHandler
                0x0000336a        0xa ./SDK/platform/drivers/src/flexcan/flexcan_irq.o
                0x0000336a                CAN1_Error_IRQHandler
 .text.CAN1_ORed_0_15_MB_IRQHandler
                0x00003374        0xa ./SDK/platform/drivers/src/flexcan/flexcan_irq.o
                0x00003374                CAN1_ORed_0_15_MB_IRQHandler
 .text.CAN2_ORed_IRQHandler
                0x0000337e        0xa ./SDK/platform/drivers/src/flexcan/flexcan_irq.o
                0x0000337e                CAN2_ORed_IRQHandler
 .text.CAN2_Error_IRQHandler
                0x00003388        0xa ./SDK/platform/drivers/src/flexcan/flexcan_irq.o
                0x00003388                CAN2_Error_IRQHandler
 .text.CAN2_ORed_0_15_MB_IRQHandler
                0x00003392        0xa ./SDK/platform/drivers/src/flexcan/flexcan_irq.o
                0x00003392                CAN2_ORed_0_15_MB_IRQHandler
 .text.INT_SYS_InstallHandler
                0x0000339c       0x48 ./SDK/platform/drivers/src/interrupt/interrupt_manager.o
                0x0000339c                INT_SYS_InstallHandler
 .text.INT_SYS_EnableIRQ
                0x000033e4       0x28 ./SDK/platform/drivers/src/interrupt/interrupt_manager.o
                0x000033e4                INT_SYS_EnableIRQ
 .text.INT_SYS_EnableIRQGlobal
                0x0000340c       0x1c ./SDK/platform/drivers/src/interrupt/interrupt_manager.o
                0x0000340c                INT_SYS_EnableIRQGlobal
 .text.INT_SYS_DisableIRQGlobal
                0x00003428       0x10 ./SDK/platform/drivers/src/interrupt/interrupt_manager.o
                0x00003428                INT_SYS_DisableIRQGlobal
 .text.PINS_DRV_Init
                0x00003438       0x20 ./SDK/platform/drivers/src/pins/pins_driver.o
                0x00003438                PINS_DRV_Init
 .text.PINS_DRV_SetPinIntSel
                0x00003458       0x20 ./SDK/platform/drivers/src/pins/pins_driver.o
                0x00003458                PINS_DRV_SetPinIntSel
 .text.PINS_DRV_ClearPinIntFlagCmd
                0x00003478       0x16 ./SDK/platform/drivers/src/pins/pins_driver.o
                0x00003478                PINS_DRV_ClearPinIntFlagCmd
 .text.PINS_DRV_GetPortIntFlag
                0x0000348e        0x6 ./SDK/platform/drivers/src/pins/pins_driver.o
                0x0000348e                PINS_DRV_GetPortIntFlag
 .text.PINS_DRV_SetPinsDirection
                0x00003494        0x4 ./SDK/platform/drivers/src/pins/pins_driver.o
                0x00003494                PINS_DRV_SetPinsDirection
 .text.PINS_DRV_SetPins
                0x00003498        0x4 ./SDK/platform/drivers/src/pins/pins_driver.o
                0x00003498                PINS_DRV_SetPins
 .text.PINS_DRV_ClearPins
                0x0000349c        0x4 ./SDK/platform/drivers/src/pins/pins_driver.o
                0x0000349c                PINS_DRV_ClearPins
 .text.PINS_DRV_TogglePins
                0x000034a0        0x4 ./SDK/platform/drivers/src/pins/pins_driver.o
                0x000034a0                PINS_DRV_TogglePins
 .text.PINS_GetAdcInterleaveVal
                0x000034a4       0x70 ./SDK/platform/drivers/src/pins/pins_port_hw_access.o
 .text.PINS_Init
                0x00003514      0x138 ./SDK/platform/drivers/src/pins/pins_port_hw_access.o
                0x00003514                PINS_Init
 .text.SysTick_Handler
                0x0000364c       0x10 ./SDK/rtos/osif/osif_baremetal.o
                0x0000364c                SysTick_Handler
 .text.OSIF_TimeDelay
                0x0000365c       0x60 ./SDK/rtos/osif/osif_baremetal.o
                0x0000365c                OSIF_TimeDelay
 .text.OSIF_SemaPost
                0x000036bc       0x2c ./SDK/rtos/osif/osif_baremetal.o
                0x000036bc                OSIF_SemaPost
 .text.OSIF_SemaCreate
                0x000036e8       0x1a ./SDK/rtos/osif/osif_baremetal.o
                0x000036e8                OSIF_SemaCreate
 .text.OSIF_SemaDestroy
                0x00003702        0xa ./SDK/rtos/osif/osif_baremetal.o
                0x00003702                OSIF_SemaDestroy
 .text.SendCANData
                0x0000370c       0x30 ./Sources/main.o
                0x0000370c                SendCANData
 .text.buttonISR
                0x0000373c       0x70 ./Sources/main.o
                0x0000373c                buttonISR
 .text.BoardInit
                0x000037ac       0x2c ./Sources/main.o
                0x000037ac                BoardInit
 .text.GPIOInit
                0x000037d8       0x64 ./Sources/main.o
                0x000037d8                GPIOInit
 .text.FlexCANInit
                0x0000383c       0x18 ./Sources/main.o
                0x0000383c                FlexCANInit
 .text.main     0x00003854       0xdc ./Sources/main.o
                0x00003854                main
 *(.rodata)
 .rodata        0x00003930        0x2 ./Sources/main.o
 *(.rodata*)
 *fill*         0x00003932        0x2 
 .rodata.canCom1_InitConfig0
                0x00003934       0x38 ./Generated_Code/canCom1.o
                0x00003934                canCom1_InitConfig0
 .rodata.clockNameMappings
                0x0000396c       0x9e ./SDK/platform/drivers/src/clock/S32K1xx/clock_S32K1xx.o
                0x0000396c                clockNameMappings
 *fill*         0x00003a0a        0x2 
 .rodata.maxSysClksInHSRUN.7602
                0x00003a0c       0x54 ./SDK/platform/drivers/src/clock/S32K1xx/clock_S32K1xx.o
 .rodata.maxSysClksInRUN.7601
                0x00003a60       0x54 ./SDK/platform/drivers/src/clock/S32K1xx/clock_S32K1xx.o
 .rodata.maxSysClksInVLPR.7600
                0x00003ab4       0x54 ./SDK/platform/drivers/src/clock/S32K1xx/clock_S32K1xx.o
 .rodata.peripheralFeaturesList
                0x00003b08       0x4f ./SDK/platform/drivers/src/clock/S32K1xx/clock_S32K1xx.o
                0x00003b08                peripheralFeaturesList
 *fill*         0x00003b57        0x1 
 .rodata.g_flexcanBase
                0x00003b58        0xc ./SDK/platform/drivers/src/flexcan/flexcan_driver.o
 .rodata.g_flexcanBusOffIrqId
                0x00003b64        0x3 ./SDK/platform/drivers/src/flexcan/flexcan_driver.o
 *fill*         0x00003b67        0x1 
 .rodata.g_flexcanErrorIrqId
                0x00003b68        0x3 ./SDK/platform/drivers/src/flexcan/flexcan_driver.o
 *fill*         0x00003b6b        0x1 
 .rodata.g_flexcanOredMessageBufferIrqId
                0x00003b6c        0x6 ./SDK/platform/drivers/src/flexcan/flexcan_driver.o
 *fill*         0x00003b72        0x2 
 .rodata.g_flexcanWakeUpIrqId
                0x00003b74        0x3 ./SDK/platform/drivers/src/flexcan/flexcan_driver.o
 *fill*         0x00003b77        0x1 
 .rodata.payload_code.7341
                0x00003b78       0x41 ./SDK/platform/drivers/src/flexcan/flexcan_hw_access.o
 *(.init)
 *fill*         0x00003bb9        0x3 
 .init          0x00003bbc        0x4 d:/s32/s32_2.2/s32ds/build_tools/gcc_v6.3/gcc-6.3-arm32-eabi/bin/../lib/gcc/arm-none-eabi/6.3.1/thumb/v7e-m/fpv4-sp/hard/crti.o
                0x00003bbc                _init
 *(.fini)
 .fini          0x00003bc0        0x4 d:/s32/s32_2.2/s32ds/build_tools/gcc_v6.3/gcc-6.3-arm32-eabi/bin/../lib/gcc/arm-none-eabi/6.3.1/thumb/v7e-m/fpv4-sp/hard/crti.o
                0x00003bc0                _fini
 *(.eh_frame)
                0x00003bc4                . = ALIGN (0x4)

.glue_7         0x00003bc4        0x0
 .glue_7        0x00003bc4        0x0 linker stubs

.glue_7t        0x00003bc4        0x0
 .glue_7t       0x00003bc4        0x0 linker stubs

.vfp11_veneer   0x00003bc4        0x0
 .vfp11_veneer  0x00003bc4        0x0 linker stubs

.v4_bx          0x00003bc4        0x0
 .v4_bx         0x00003bc4        0x0 linker stubs

.iplt           0x00003bc4        0x0
 .iplt          0x00003bc4        0x0 d:/s32/s32_2.2/s32ds/build_tools/gcc_v6.3/gcc-6.3-arm32-eabi/bin/../lib/gcc/arm-none-eabi/6.3.1/thumb/v7e-m/fpv4-sp/hard/crtbegin.o

.rel.dyn        0x00003bc4        0x0
 .rel.iplt      0x00003bc4        0x0 d:/s32/s32_2.2/s32ds/build_tools/gcc_v6.3/gcc-6.3-arm32-eabi/bin/../lib/gcc/arm-none-eabi/6.3.1/thumb/v7e-m/fpv4-sp/hard/crtbegin.o

.ARM            0x00003bc4        0x0
                0x00003bc4                __exidx_start = .
 *(.ARM.exidx*)
                0x00003bc4                __exidx_end = .
                0x00003bc4                __etext = .
                0x00003bc4                __DATA_ROM = .

.interrupts_ram
                0x1fff8000      0x400
                0x1fff8000                . = ALIGN (0x4)
                0x1fff8000                __VECTOR_RAM__ = .
                0x1fff8000                __RAM_START = .
                0x1fff8000                __interrupts_ram_start__ = .
 *(.m_interrupts_ram)
                0x1fff8400                . = (. + M_VECTOR_RAM_SIZE)
 *fill*         0x1fff8000      0x400 
                0x1fff8400                . = ALIGN (0x4)
                0x1fff8400                __interrupts_ram_end__ = .
                0x1fff8000                __VECTOR_RAM = DEFINED (__flash_vector_table__)?ORIGIN (m_interrupts):__VECTOR_RAM__
                0x00000400                __RAM_VECTOR_TABLE_SIZE = DEFINED (__flash_vector_table__)?0x0:(__interrupts_ram_end__ - __interrupts_ram_start__)

.data           0x1fff8400      0x284 load address 0x00003bc4
                0x1fff8400                . = ALIGN (0x4)
                0x1fff8400                __DATA_RAM = .
                0x1fff8400                __data_start__ = .
 *(.data)
 *(.data*)
 .data.clockMan1_InitConfig0
                0x1fff8400       0x78 ./Generated_Code/clockMan1.o
                0x1fff8400                clockMan1_InitConfig0
 .data.g_clockManConfigsArr
                0x1fff8478        0x4 ./Generated_Code/clockMan1.o
                0x1fff8478                g_clockManConfigsArr
 .data.peripheralClockConfig0
                0x1fff847c       0x41 ./Generated_Code/clockMan1.o
                0x1fff847c                peripheralClockConfig0
 *fill*         0x1fff84bd        0x3 
 .data.g_pin_mux_InitConfigArr
                0x1fff84c0      0x120 ./Generated_Code/pin_mux.o
                0x1fff84c0                g_pin_mux_InitConfigArr
 .data.peripheralClockConfig.7364
                0x1fff85e0       0xa0 ./SDK/platform/drivers/src/clock/S32K1xx/clock_S32K1xx.o
 .data.speed_left
                0x1fff8680        0x1 ./Sources/main.o
                0x1fff8680                speed_left
 .data.speed_right
                0x1fff8681        0x1 ./Sources/main.o
                0x1fff8681                speed_right
                0x1fff8684                . = ALIGN (0x4)
 *fill*         0x1fff8682        0x2 
                0x1fff8684                __data_end__ = .
                0x00003e48                __DATA_END = (__DATA_ROM + (__data_end__ - __data_start__))
                0x00003e48                __CODE_ROM = __DATA_END

.igot.plt       0x1fff8684        0x0 load address 0x00003e48
 .igot.plt      0x1fff8684        0x0 d:/s32/s32_2.2/s32ds/build_tools/gcc_v6.3/gcc-6.3-arm32-eabi/bin/../lib/gcc/arm-none-eabi/6.3.1/thumb/v7e-m/fpv4-sp/hard/crtbegin.o

.code           0x1fff8684        0x0 load address 0x00003e48
                0x1fff8684                . = ALIGN (0x4)
                0x1fff8684                __CODE_RAM = .
                0x1fff8684                __code_start__ = .
                0x1fff8684                __code_ram_start__ = .
 *(.code_ram)
                0x1fff8684                . = ALIGN (0x4)
                0x1fff8684                __code_end__ = .
                0x1fff8684                __code_ram_end__ = .
                0x00003e48                __CODE_END = (__CODE_ROM + (__code_end__ - __code_start__))
                0x00003e48                __CUSTOM_ROM = __CODE_END

.customSectionBlock
                0x20000000        0x0 load address 0x00003e48
                0x20000000                __customSection_start__ = .
 *(.customSection)
                0x20000000                __customSection_end__ = .
                0x00003e48                __CUSTOM_END = (__CUSTOM_ROM + (__customSection_end__ - __customSection_start__))

.bss            0x20000000      0x198
                0x20000000                . = ALIGN (0x4)
                0x20000000                __BSS_START = .
                0x20000000                __bss_start__ = .
 *(.bss)
 *(.bss*)
 .bss.g_clockManCallbacksArr
                0x20000000        0x4 ./Generated_Code/clockMan1.o
                0x20000000                g_clockManCallbacksArr
 .bss.g_clockState
                0x20000004       0x10 ./SDK/platform/drivers/src/clock/S32K1xx/clock_S32K1xx.o
 .bss.g_csecStatePtr
                0x20000014        0x4 ./SDK/platform/drivers/src/csec/csec_driver.o
 .bss.s_virtEdmaState
                0x20000018        0x4 ./SDK/platform/drivers/src/edma/edma_driver.o
 .bss.g_flexcanStatePtr
                0x2000001c        0xc ./SDK/platform/drivers/src/flexcan/flexcan_driver.o
 .bss.g_interruptDisableCount
                0x20000028        0x4 ./SDK/platform/drivers/src/interrupt/interrupt_manager.o
 .bss.s_osif_tick_cnt
                0x2000002c        0x4 ./SDK/rtos/osif/osif_baremetal.o
 *(COMMON)
 COMMON         0x20000030      0x114 ./Generated_Code/canCom1.o
                0x20000030                canCom1_State
 COMMON         0x20000144       0x40 ./Generated_Code/csec1.o
                0x20000144                csec1_State
 COMMON         0x20000184       0x14 ./SDK/platform/drivers/src/clock/S32K1xx/clock_S32K1xx.o
                0x20000184                g_xtal0ClkFreq
                0x20000188                g_RtcClkInFreq
                0x2000018c                g_TClkFreq
                0x20000198                . = ALIGN (0x4)
                0x20000198                __bss_end__ = .
                0x20000198                __BSS_END = .

.heap           0x20000198      0x400
                0x20000198                . = ALIGN (0x8)
                0x20000198                __end__ = .
                0x20000198                __heap_start__ = .
                [!provide]                PROVIDE (end, .)
                [!provide]                PROVIDE (_end, .)
                [!provide]                PROVIDE (__end, .)
                0x20000198                __HeapBase = .
                0x20000598                . = (. + HEAP_SIZE)
 *fill*         0x20000198      0x400 
                0x20000598                __HeapLimit = .
                0x20000598                __heap_limit = .
                0x20000598                __heap_end__ = .
                0x20007000                __StackTop = (ORIGIN (m_data_2) + LENGTH (m_data_2))
                0x20006c00                __StackLimit = (__StackTop - STACK_SIZE)
                0x20007000                PROVIDE (__stack, __StackTop)
                0x20007000                __RAM_END = __StackTop

.stack          0x20006c00      0x400
                0x20006c00                . = ALIGN (0x8)
                0x20006c00                __stack_start__ = .
                0x20007000                . = (. + STACK_SIZE)
 *fill*         0x20006c00      0x400 
                0x20007000                __stack_end__ = .

.ARM.attributes
                0x00000000       0x30
 *(.ARM.attributes)
 .ARM.attributes
                0x00000000       0x22 d:/s32/s32_2.2/s32ds/build_tools/gcc_v6.3/gcc-6.3-arm32-eabi/bin/../lib/gcc/arm-none-eabi/6.3.1/thumb/v7e-m/fpv4-sp/hard/crti.o
 .ARM.attributes
                0x00000022       0x39 ./Generated_Code/canCom1.o
 .ARM.attributes
                0x0000005b       0x39 ./Generated_Code/clockMan1.o
 .ARM.attributes
                0x00000094       0x39 ./Generated_Code/csec1.o
 .ARM.attributes
                0x000000cd       0x39 ./Generated_Code/pin_mux.o
 .ARM.attributes
                0x00000106       0x1f ./Project_Settings/Startup_Code/startup_S32K144.o
 .ARM.attributes
                0x00000125       0x39 ./SDK/platform/devices/S32K144/startup/system_S32K144.o
 .ARM.attributes
                0x0000015e       0x39 ./SDK/platform/devices/startup.o
 .ARM.attributes
                0x00000197       0x39 ./SDK/platform/drivers/src/clock/S32K1xx/clock_S32K1xx.o
 .ARM.attributes
                0x000001d0       0x39 ./SDK/platform/drivers/src/csec/csec_driver.o
 .ARM.attributes
                0x00000209       0x39 ./SDK/platform/drivers/src/csec/csec_hw_access.o
 .ARM.attributes
                0x00000242       0x39 ./SDK/platform/drivers/src/edma/edma_driver.o
 .ARM.attributes
                0x0000027b       0x39 ./SDK/platform/drivers/src/edma/edma_hw_access.o
 .ARM.attributes
                0x000002b4       0x39 ./SDK/platform/drivers/src/edma/edma_irq.o
 .ARM.attributes
                0x000002ed       0x39 ./SDK/platform/drivers/src/flexcan/flexcan_driver.o
 .ARM.attributes
                0x00000326       0x39 ./SDK/platform/drivers/src/flexcan/flexcan_hw_access.o
 .ARM.attributes
                0x0000035f       0x39 ./SDK/platform/drivers/src/flexcan/flexcan_irq.o
 .ARM.attributes
                0x00000398       0x39 ./SDK/platform/drivers/src/interrupt/interrupt_manager.o
 .ARM.attributes
                0x000003d1       0x39 ./SDK/platform/drivers/src/pins/pins_driver.o
 .ARM.attributes
                0x0000040a       0x39 ./SDK/platform/drivers/src/pins/pins_port_hw_access.o
 .ARM.attributes
                0x00000443       0x39 ./SDK/rtos/osif/osif_baremetal.o
 .ARM.attributes
                0x0000047c       0x39 ./Sources/main.o
                0x00000001                ASSERT ((__StackLimit >= __HeapLimit), region m_data_2 overflowed with stack and heap)
OUTPUT(KIT1_KIT3.elf elf32-littlearm)

.debug_info     0x00000000    0x266f4
 .debug_info    0x00000000     0x2790 ./Generated_Code/canCom1.o
 .debug_info    0x00002790     0x28b8 ./Generated_Code/clockMan1.o
 .debug_info    0x00005048     0x2783 ./Generated_Code/csec1.o
 .debug_info    0x000077cb      0x40a ./Generated_Code/pin_mux.o
 .debug_info    0x00007bd5       0x26 ./Project_Settings/Startup_Code/startup_S32K144.o
 .debug_info    0x00007bfb      0x521 ./SDK/platform/devices/S32K144/startup/system_S32K144.o
 .debug_info    0x0000811c      0x2ad ./SDK/platform/devices/startup.o
 .debug_info    0x000083c9     0x606d ./SDK/platform/drivers/src/clock/S32K1xx/clock_S32K1xx.o
 .debug_info    0x0000e436     0x3d8c ./SDK/platform/drivers/src/csec/csec_driver.o
 .debug_info    0x000121c2      0xecf ./SDK/platform/drivers/src/csec/csec_hw_access.o
 .debug_info    0x00013091     0x479e ./SDK/platform/drivers/src/edma/edma_driver.o
 .debug_info    0x0001782f      0xa55 ./SDK/platform/drivers/src/edma/edma_hw_access.o
 .debug_info    0x00018284      0x6db ./SDK/platform/drivers/src/edma/edma_irq.o
 .debug_info    0x0001895f     0x55e6 ./SDK/platform/drivers/src/flexcan/flexcan_driver.o
 .debug_info    0x0001df45     0x1e9c ./SDK/platform/drivers/src/flexcan/flexcan_hw_access.o
 .debug_info    0x0001fde1      0x275 ./SDK/platform/drivers/src/flexcan/flexcan_irq.o
 .debug_info    0x00020056      0xb9d ./SDK/platform/drivers/src/interrupt/interrupt_manager.o
 .debug_info    0x00020bf3     0x14ba ./SDK/platform/drivers/src/pins/pins_driver.o
 .debug_info    0x000220ad      0x9a5 ./SDK/platform/drivers/src/pins/pins_port_hw_access.o
 .debug_info    0x00022a52      0xba7 ./SDK/rtos/osif/osif_baremetal.o
 .debug_info    0x000235f9     0x30fb ./Sources/main.o

.debug_abbrev   0x00000000     0x3066
 .debug_abbrev  0x00000000      0x1ae ./Generated_Code/canCom1.o
 .debug_abbrev  0x000001ae      0x1bb ./Generated_Code/clockMan1.o
 .debug_abbrev  0x00000369      0x1ae ./Generated_Code/csec1.o
 .debug_abbrev  0x00000517       0xcd ./Generated_Code/pin_mux.o
 .debug_abbrev  0x000005e4       0x14 ./Project_Settings/Startup_Code/startup_S32K144.o
 .debug_abbrev  0x000005f8      0x141 ./SDK/platform/devices/S32K144/startup/system_S32K144.o
 .debug_abbrev  0x00000739       0xe1 ./SDK/platform/devices/startup.o
 .debug_abbrev  0x0000081a      0x409 ./SDK/platform/drivers/src/clock/S32K1xx/clock_S32K1xx.o
 .debug_abbrev  0x00000c23      0x495 ./SDK/platform/drivers/src/csec/csec_driver.o
 .debug_abbrev  0x000010b8      0x268 ./SDK/platform/drivers/src/csec/csec_hw_access.o
 .debug_abbrev  0x00001320      0x412 ./SDK/platform/drivers/src/edma/edma_driver.o
 .debug_abbrev  0x00001732      0x240 ./SDK/platform/drivers/src/edma/edma_hw_access.o
 .debug_abbrev  0x00001972      0x1b9 ./SDK/platform/drivers/src/edma/edma_irq.o
 .debug_abbrev  0x00001b2b      0x43e ./SDK/platform/drivers/src/flexcan/flexcan_driver.o
 .debug_abbrev  0x00001f69      0x396 ./SDK/platform/drivers/src/flexcan/flexcan_hw_access.o
 .debug_abbrev  0x000022ff       0x6d ./SDK/platform/drivers/src/flexcan/flexcan_irq.o
 .debug_abbrev  0x0000236c      0x24e ./SDK/platform/drivers/src/interrupt/interrupt_manager.o
 .debug_abbrev  0x000025ba      0x2f6 ./SDK/platform/drivers/src/pins/pins_driver.o
 .debug_abbrev  0x000028b0      0x232 ./SDK/platform/drivers/src/pins/pins_port_hw_access.o
 .debug_abbrev  0x00002ae2      0x2df ./SDK/rtos/osif/osif_baremetal.o
 .debug_abbrev  0x00002dc1      0x2a5 ./Sources/main.o

.debug_aranges  0x00000000      0xb58
 .debug_aranges
                0x00000000       0x18 ./Generated_Code/canCom1.o
 .debug_aranges
                0x00000018       0x18 ./Generated_Code/clockMan1.o
 .debug_aranges
                0x00000030       0x18 ./Generated_Code/csec1.o
 .debug_aranges
                0x00000048       0x18 ./Generated_Code/pin_mux.o
 .debug_aranges
                0x00000060       0x20 ./Project_Settings/Startup_Code/startup_S32K144.o
 .debug_aranges
                0x00000080       0x30 ./SDK/platform/devices/S32K144/startup/system_S32K144.o
 .debug_aranges
                0x000000b0       0x20 ./SDK/platform/devices/startup.o
 .debug_aranges
                0x000000d0      0x120 ./SDK/platform/drivers/src/clock/S32K1xx/clock_S32K1xx.o
 .debug_aranges
                0x000001f0      0x170 ./SDK/platform/drivers/src/csec/csec_driver.o
 .debug_aranges
                0x00000360       0x50 ./SDK/platform/drivers/src/csec/csec_hw_access.o
 .debug_aranges
                0x000003b0      0x140 ./SDK/platform/drivers/src/edma/edma_driver.o
 .debug_aranges
                0x000004f0       0x88 ./SDK/platform/drivers/src/edma/edma_hw_access.o
 .debug_aranges
                0x00000578       0xa0 ./SDK/platform/drivers/src/edma/edma_irq.o
 .debug_aranges
                0x00000618      0x190 ./SDK/platform/drivers/src/flexcan/flexcan_driver.o
 .debug_aranges
                0x000007a8       0xe8 ./SDK/platform/drivers/src/flexcan/flexcan_hw_access.o
 .debug_aranges
                0x00000890       0x80 ./SDK/platform/drivers/src/flexcan/flexcan_irq.o
 .debug_aranges
                0x00000910       0x70 ./SDK/platform/drivers/src/interrupt/interrupt_manager.o
 .debug_aranges
                0x00000980       0xe0 ./SDK/platform/drivers/src/pins/pins_driver.o
 .debug_aranges
                0x00000a60       0x40 ./SDK/platform/drivers/src/pins/pins_port_hw_access.o
 .debug_aranges
                0x00000aa0       0x70 ./SDK/rtos/osif/osif_baremetal.o
 .debug_aranges
                0x00000b10       0x48 ./Sources/main.o

.debug_macro    0x00000000    0x1104a
 .debug_macro   0x00000000      0x23c ./Generated_Code/canCom1.o
 .debug_macro   0x0000023c     0xed32 ./Generated_Code/canCom1.o
 .debug_macro   0x0000ef6e       0x10 ./Generated_Code/canCom1.o
 .debug_macro   0x0000ef7e      0x231 ./Generated_Code/clockMan1.o
 .debug_macro   0x0000f1af      0x23e ./Generated_Code/csec1.o
 .debug_macro   0x0000f3ed       0xdd ./Generated_Code/pin_mux.o
 .debug_macro   0x0000f4ca      0x16d ./Generated_Code/pin_mux.o
 .debug_macro   0x0000f637       0xb6 ./SDK/platform/devices/S32K144/startup/system_S32K144.o
 .debug_macro   0x0000f6ed       0xb6 ./SDK/platform/devices/startup.o
 .debug_macro   0x0000f7a3       0x40 ./SDK/platform/devices/startup.o
 .debug_macro   0x0000f7e3      0x2a3 ./SDK/platform/drivers/src/clock/S32K1xx/clock_S32K1xx.o
 .debug_macro   0x0000fa86      0x1e1 ./SDK/platform/drivers/src/csec/csec_driver.o
 .debug_macro   0x0000fc67       0x64 ./SDK/platform/drivers/src/csec/csec_driver.o
 .debug_macro   0x0000fccb      0x19c ./SDK/platform/drivers/src/csec/csec_hw_access.o
 .debug_macro   0x0000fe67       0x35 ./SDK/platform/drivers/src/csec/csec_hw_access.o
 .debug_macro   0x0000fe9c       0xf7 ./SDK/platform/drivers/src/edma/edma_driver.o
 .debug_macro   0x0000ff93       0xcc ./SDK/platform/drivers/src/edma/edma_hw_access.o
 .debug_macro   0x0001005f       0xd0 ./SDK/platform/drivers/src/edma/edma_irq.o
 .debug_macro   0x0001012f      0x19b ./SDK/platform/drivers/src/flexcan/flexcan_driver.o
 .debug_macro   0x000102ca       0x4c ./SDK/platform/drivers/src/flexcan/flexcan_driver.o
 .debug_macro   0x00010316       0x55 ./SDK/platform/drivers/src/flexcan/flexcan_driver.o
 .debug_macro   0x0001036b       0x16 ./SDK/platform/drivers/src/flexcan/flexcan_driver.o
 .debug_macro   0x00010381       0x57 ./SDK/platform/drivers/src/flexcan/flexcan_driver.o
 .debug_macro   0x000103d8      0x186 ./SDK/platform/drivers/src/flexcan/flexcan_driver.o
 .debug_macro   0x0001055e      0x165 ./SDK/platform/drivers/src/flexcan/flexcan_hw_access.o
 .debug_macro   0x000106c3       0xb7 ./SDK/platform/drivers/src/flexcan/flexcan_irq.o
 .debug_macro   0x0001077a       0xb7 ./SDK/platform/drivers/src/interrupt/interrupt_manager.o
 .debug_macro   0x00010831       0xde ./SDK/platform/drivers/src/pins/pins_driver.o
 .debug_macro   0x0001090f       0xde ./SDK/platform/drivers/src/pins/pins_port_hw_access.o
 .debug_macro   0x000109ed       0xfb ./SDK/rtos/osif/osif_baremetal.o
 .debug_macro   0x00010ae8      0x32a ./Sources/main.o
 .debug_macro   0x00010e12       0x1c ./Sources/main.o
 .debug_macro   0x00010e2e       0x10 ./Sources/main.o
 .debug_macro   0x00010e3e       0x10 ./Sources/main.o
 .debug_macro   0x00010e4e       0xb6 ./Sources/main.o
 .debug_macro   0x00010f04       0x16 ./Sources/main.o
 .debug_macro   0x00010f1a      0x130 ./Sources/main.o

.debug_line     0x00000000     0xa5de
 .debug_line    0x00000000      0x631 ./Generated_Code/canCom1.o
 .debug_line    0x00000631      0x633 ./Generated_Code/clockMan1.o
 .debug_line    0x00000c64      0x62f ./Generated_Code/csec1.o
 .debug_line    0x00001293      0x3e3 ./Generated_Code/pin_mux.o
 .debug_line    0x00001676       0xca ./Project_Settings/Startup_Code/startup_S32K144.o
 .debug_line    0x00001740      0x414 ./SDK/platform/devices/S32K144/startup/system_S32K144.o
 .debug_line    0x00001b54      0x3a3 ./SDK/platform/devices/startup.o
 .debug_line    0x00001ef7     0x149b ./SDK/platform/drivers/src/clock/S32K1xx/clock_S32K1xx.o
 .debug_line    0x00003392     0x1066 ./SDK/platform/drivers/src/csec/csec_driver.o
 .debug_line    0x000043f8      0x5c6 ./SDK/platform/drivers/src/csec/csec_hw_access.o
 .debug_line    0x000049be     0x1077 ./SDK/platform/drivers/src/edma/edma_driver.o
 .debug_line    0x00005a35      0x606 ./SDK/platform/drivers/src/edma/edma_hw_access.o
 .debug_line    0x0000603b      0x56d ./SDK/platform/drivers/src/edma/edma_irq.o
 .debug_line    0x000065a8     0x11a7 ./SDK/platform/drivers/src/flexcan/flexcan_driver.o
 .debug_line    0x0000774f      0xa74 ./SDK/platform/drivers/src/flexcan/flexcan_hw_access.o
 .debug_line    0x000081c3      0x495 ./SDK/platform/drivers/src/flexcan/flexcan_irq.o
 .debug_line    0x00008658      0x584 ./SDK/platform/drivers/src/interrupt/interrupt_manager.o
 .debug_line    0x00008bdc      0x6df ./SDK/platform/drivers/src/pins/pins_driver.o
 .debug_line    0x000092bb      0x59e ./SDK/platform/drivers/src/pins/pins_port_hw_access.o
 .debug_line    0x00009859      0x638 ./SDK/rtos/osif/osif_baremetal.o
 .debug_line    0x00009e91      0x74d ./Sources/main.o

.debug_str      0x00000000    0x7739a
 .debug_str     0x00000000    0x6ec7a ./Generated_Code/canCom1.o
                              0x6f210 (size before relaxing)
 .debug_str     0x0006ec7a      0x4b6 ./Generated_Code/clockMan1.o
                              0x6f6aa (size before relaxing)
 .debug_str     0x0006f130       0x1a ./Generated_Code/csec1.o
                              0x6f20e (size before relaxing)
 .debug_str     0x0006f14a       0x1c ./Generated_Code/pin_mux.o
                              0x68c9e (size before relaxing)
 .debug_str     0x0006f166       0x7a ./Project_Settings/Startup_Code/startup_S32K144.o
                                 0xa0 (size before relaxing)
 .debug_str     0x0006f1e0      0x1fc ./SDK/platform/devices/S32K144/startup/system_S32K144.o
                              0x68839 (size before relaxing)
 .debug_str     0x0006f3dc      0x397 ./SDK/platform/devices/startup.o
                              0x689ab (size before relaxing)
 .debug_str     0x0006f773     0x1df9 ./SDK/platform/drivers/src/clock/S32K1xx/clock_S32K1xx.o
                              0x6c9d4 (size before relaxing)
 .debug_str     0x0007156c     0x104c ./SDK/platform/drivers/src/csec/csec_driver.o
                              0x6d861 (size before relaxing)
 .debug_str     0x000725b8       0x88 ./SDK/platform/drivers/src/csec/csec_hw_access.o
                              0x6c28c (size before relaxing)
 .debug_str     0x00072640     0x1205 ./SDK/platform/drivers/src/edma/edma_driver.o
                              0x6b742 (size before relaxing)
 .debug_str     0x00073845       0x76 ./SDK/platform/drivers/src/edma/edma_hw_access.o
                              0x68f0a (size before relaxing)
 .debug_str     0x000738bb      0x192 ./SDK/platform/drivers/src/edma/edma_irq.o
                              0x68c15 (size before relaxing)
 .debug_str     0x00073a4d     0x1e0e ./SDK/platform/drivers/src/flexcan/flexcan_driver.o
                              0x6c904 (size before relaxing)
 .debug_str     0x0007585b      0x4e0 ./SDK/platform/drivers/src/flexcan/flexcan_hw_access.o
                              0x6ad7f (size before relaxing)
 .debug_str     0x00075d3b      0x1ac ./SDK/platform/drivers/src/flexcan/flexcan_irq.o
                              0x6873b (size before relaxing)
 .debug_str     0x00075ee7      0x194 ./SDK/platform/drivers/src/interrupt/interrupt_manager.o
                              0x68e2a (size before relaxing)
 .debug_str     0x0007607b      0x638 ./SDK/platform/drivers/src/pins/pins_driver.o
                              0x69b07 (size before relaxing)
 .debug_str     0x000766b3      0x1cd ./SDK/platform/drivers/src/pins/pins_port_hw_access.o
                              0x68fef (size before relaxing)
 .debug_str     0x00076880      0x1b8 ./SDK/rtos/osif/osif_baremetal.o
                              0x69959 (size before relaxing)
 .debug_str     0x00076a38      0x962 ./Sources/main.o
                              0x70332 (size before relaxing)

.comment        0x00000000       0xa0
 .comment       0x00000000       0xa0 ./Generated_Code/canCom1.o
                                 0xa1 (size before relaxing)
 .comment       0x000000a0       0xa1 ./Generated_Code/clockMan1.o
 .comment       0x000000a0       0xa1 ./Generated_Code/csec1.o
 .comment       0x000000a0       0xa1 ./Generated_Code/pin_mux.o
 .comment       0x000000a0       0xa1 ./SDK/platform/devices/S32K144/startup/system_S32K144.o
 .comment       0x000000a0       0xa1 ./SDK/platform/devices/startup.o
 .comment       0x000000a0       0xa1 ./SDK/platform/drivers/src/clock/S32K1xx/clock_S32K1xx.o
 .comment       0x000000a0       0xa1 ./SDK/platform/drivers/src/csec/csec_driver.o
 .comment       0x000000a0       0xa1 ./SDK/platform/drivers/src/csec/csec_hw_access.o
 .comment       0x000000a0       0xa1 ./SDK/platform/drivers/src/edma/edma_driver.o
 .comment       0x000000a0       0xa1 ./SDK/platform/drivers/src/edma/edma_hw_access.o
 .comment       0x000000a0       0xa1 ./SDK/platform/drivers/src/edma/edma_irq.o
 .comment       0x000000a0       0xa1 ./SDK/platform/drivers/src/flexcan/flexcan_driver.o
 .comment       0x000000a0       0xa1 ./SDK/platform/drivers/src/flexcan/flexcan_hw_access.o
 .comment       0x000000a0       0xa1 ./SDK/platform/drivers/src/flexcan/flexcan_irq.o
 .comment       0x000000a0       0xa1 ./SDK/platform/drivers/src/interrupt/interrupt_manager.o
 .comment       0x000000a0       0xa1 ./SDK/platform/drivers/src/pins/pins_driver.o
 .comment       0x000000a0       0xa1 ./SDK/platform/drivers/src/pins/pins_port_hw_access.o
 .comment       0x000000a0       0xa1 ./SDK/rtos/osif/osif_baremetal.o
 .comment       0x000000a0       0xa1 ./Sources/main.o

.debug_loc      0x00000000    0x125ad
 .debug_loc     0x00000000       0xeb ./SDK/platform/devices/S32K144/startup/system_S32K144.o
 .debug_loc     0x000000eb       0xec ./SDK/platform/devices/startup.o
 .debug_loc     0x000001d7     0x4e23 ./SDK/platform/drivers/src/clock/S32K1xx/clock_S32K1xx.o
 .debug_loc     0x00004ffa     0x297b ./SDK/platform/drivers/src/csec/csec_driver.o
 .debug_loc     0x00007975      0x56c ./SDK/platform/drivers/src/csec/csec_hw_access.o
 .debug_loc     0x00007ee1     0x3263 ./SDK/platform/drivers/src/edma/edma_driver.o
 .debug_loc     0x0000b144      0x7b9 ./SDK/platform/drivers/src/edma/edma_hw_access.o
 .debug_loc     0x0000b8fd       0x50 ./SDK/platform/drivers/src/edma/edma_irq.o
 .debug_loc     0x0000b94d     0x379d ./SDK/platform/drivers/src/flexcan/flexcan_driver.o
 .debug_loc     0x0000f0ea     0x1c70 ./SDK/platform/drivers/src/flexcan/flexcan_hw_access.o
 .debug_loc     0x00010d5a      0x63c ./SDK/platform/drivers/src/interrupt/interrupt_manager.o
 .debug_loc     0x00011396      0x7c7 ./SDK/platform/drivers/src/pins/pins_driver.o
 .debug_loc     0x00011b5d      0x639 ./SDK/platform/drivers/src/pins/pins_port_hw_access.o
 .debug_loc     0x00012196      0x353 ./SDK/rtos/osif/osif_baremetal.o
 .debug_loc     0x000124e9       0xc4 ./Sources/main.o

.debug_ranges   0x00000000     0x1040
 .debug_ranges  0x00000000       0x20 ./SDK/platform/devices/S32K144/startup/system_S32K144.o
 .debug_ranges  0x00000020       0x10 ./SDK/platform/devices/startup.o
 .debug_ranges  0x00000030      0x358 ./SDK/platform/drivers/src/clock/S32K1xx/clock_S32K1xx.o
 .debug_ranges  0x00000388      0x2d0 ./SDK/platform/drivers/src/csec/csec_driver.o
 .debug_ranges  0x00000658       0x88 ./SDK/platform/drivers/src/csec/csec_hw_access.o
 .debug_ranges  0x000006e0      0x190 ./SDK/platform/drivers/src/edma/edma_driver.o
 .debug_ranges  0x00000870       0x90 ./SDK/platform/drivers/src/edma/edma_hw_access.o
 .debug_ranges  0x00000900       0x90 ./SDK/platform/drivers/src/edma/edma_irq.o
 .debug_ranges  0x00000990      0x2a0 ./SDK/platform/drivers/src/flexcan/flexcan_driver.o
 .debug_ranges  0x00000c30      0x108 ./SDK/platform/drivers/src/flexcan/flexcan_hw_access.o
 .debug_ranges  0x00000d38       0x70 ./SDK/platform/drivers/src/flexcan/flexcan_irq.o
 .debug_ranges  0x00000da8       0x98 ./SDK/platform/drivers/src/interrupt/interrupt_manager.o
 .debug_ranges  0x00000e40       0xd0 ./SDK/platform/drivers/src/pins/pins_driver.o
 .debug_ranges  0x00000f10       0x48 ./SDK/platform/drivers/src/pins/pins_port_hw_access.o
 .debug_ranges  0x00000f58       0x98 ./SDK/rtos/osif/osif_baremetal.o
 .debug_ranges  0x00000ff0       0x50 ./Sources/main.o

.debug_frame    0x00000000     0x1e4c
 .debug_frame   0x00000000       0x40 ./SDK/platform/devices/S32K144/startup/system_S32K144.o
 .debug_frame   0x00000040       0x2c ./SDK/platform/devices/startup.o
 .debug_frame   0x0000006c      0x384 ./SDK/platform/drivers/src/clock/S32K1xx/clock_S32K1xx.o
 .debug_frame   0x000003f0      0x508 ./SDK/platform/drivers/src/csec/csec_driver.o
 .debug_frame   0x000008f8       0xc0 ./SDK/platform/drivers/src/csec/csec_hw_access.o
 .debug_frame   0x000009b8      0x398 ./SDK/platform/drivers/src/edma/edma_driver.o
 .debug_frame   0x00000d50      0x140 ./SDK/platform/drivers/src/edma/edma_hw_access.o
 .debug_frame   0x00000e90      0x1ac ./SDK/platform/drivers/src/edma/edma_irq.o
 .debug_frame   0x0000103c      0x558 ./SDK/platform/drivers/src/flexcan/flexcan_driver.o
 .debug_frame   0x00001594      0x26c ./SDK/platform/drivers/src/flexcan/flexcan_hw_access.o
 .debug_frame   0x00001800      0x148 ./SDK/platform/drivers/src/flexcan/flexcan_irq.o
 .debug_frame   0x00001948       0xd8 ./SDK/platform/drivers/src/interrupt/interrupt_manager.o
 .debug_frame   0x00001a20      0x1e4 ./SDK/platform/drivers/src/pins/pins_driver.o
 .debug_frame   0x00001c04       0xa0 ./SDK/platform/drivers/src/pins/pins_port_hw_access.o
 .debug_frame   0x00001ca4       0xf4 ./SDK/rtos/osif/osif_baremetal.o
 .debug_frame   0x00001d98       0xb4 ./Sources/main.o
